Archive member included to satisfy reference by file (symbol)

c:/st/stm32cubeide_1.1.0/stm32cubeide/plugins/com.st.stm32cube.ide.mcu.externaltools.gnu-tools-for-stm32.7-2018-q2-update.win32_1.0.0.201904181610/tools/bin/../lib/gcc/arm-none-eabi/7.3.1/../../../../arm-none-eabi/lib/thumb/v7e-m/fpv4-sp/hard\libc_nano.a(lib_a-errno.o)
                              Core/Src/syscalls.o (__errno)
c:/st/stm32cubeide_1.1.0/stm32cubeide/plugins/com.st.stm32cube.ide.mcu.externaltools.gnu-tools-for-stm32.7-2018-q2-update.win32_1.0.0.201904181610/tools/bin/../lib/gcc/arm-none-eabi/7.3.1/../../../../arm-none-eabi/lib/thumb/v7e-m/fpv4-sp/hard\libc_nano.a(lib_a-exit.o)
                              c:/st/stm32cubeide_1.1.0/stm32cubeide/plugins/com.st.stm32cube.ide.mcu.externaltools.gnu-tools-for-stm32.7-2018-q2-update.win32_1.0.0.201904181610/tools/bin/../lib/gcc/arm-none-eabi/7.3.1/../../../../arm-none-eabi/lib/thumb/v7e-m/fpv4-sp/hard/crt0.o (exit)
c:/st/stm32cubeide_1.1.0/stm32cubeide/plugins/com.st.stm32cube.ide.mcu.externaltools.gnu-tools-for-stm32.7-2018-q2-update.win32_1.0.0.201904181610/tools/bin/../lib/gcc/arm-none-eabi/7.3.1/../../../../arm-none-eabi/lib/thumb/v7e-m/fpv4-sp/hard\libc_nano.a(lib_a-impure.o)
                              c:/st/stm32cubeide_1.1.0/stm32cubeide/plugins/com.st.stm32cube.ide.mcu.externaltools.gnu-tools-for-stm32.7-2018-q2-update.win32_1.0.0.201904181610/tools/bin/../lib/gcc/arm-none-eabi/7.3.1/../../../../arm-none-eabi/lib/thumb/v7e-m/fpv4-sp/hard\libc_nano.a(lib_a-exit.o) (_global_impure_ptr)
c:/st/stm32cubeide_1.1.0/stm32cubeide/plugins/com.st.stm32cube.ide.mcu.externaltools.gnu-tools-for-stm32.7-2018-q2-update.win32_1.0.0.201904181610/tools/bin/../lib/gcc/arm-none-eabi/7.3.1/../../../../arm-none-eabi/lib/thumb/v7e-m/fpv4-sp/hard\libc_nano.a(lib_a-init.o)
                              c:/st/stm32cubeide_1.1.0/stm32cubeide/plugins/com.st.stm32cube.ide.mcu.externaltools.gnu-tools-for-stm32.7-2018-q2-update.win32_1.0.0.201904181610/tools/bin/../lib/gcc/arm-none-eabi/7.3.1/../../../../arm-none-eabi/lib/thumb/v7e-m/fpv4-sp/hard/crt0.o (__libc_init_array)
c:/st/stm32cubeide_1.1.0/stm32cubeide/plugins/com.st.stm32cube.ide.mcu.externaltools.gnu-tools-for-stm32.7-2018-q2-update.win32_1.0.0.201904181610/tools/bin/../lib/gcc/arm-none-eabi/7.3.1/../../../../arm-none-eabi/lib/thumb/v7e-m/fpv4-sp/hard\libc_nano.a(lib_a-memset.o)
                              c:/st/stm32cubeide_1.1.0/stm32cubeide/plugins/com.st.stm32cube.ide.mcu.externaltools.gnu-tools-for-stm32.7-2018-q2-update.win32_1.0.0.201904181610/tools/bin/../lib/gcc/arm-none-eabi/7.3.1/../../../../arm-none-eabi/lib/thumb/v7e-m/fpv4-sp/hard/crt0.o (memset)
c:/st/stm32cubeide_1.1.0/stm32cubeide/plugins/com.st.stm32cube.ide.mcu.externaltools.gnu-tools-for-stm32.7-2018-q2-update.win32_1.0.0.201904181610/tools/bin/../lib/gcc/arm-none-eabi/7.3.1/../../../../arm-none-eabi/lib/thumb/v7e-m/fpv4-sp/hard\libc_nano.a(lib_a-sprintf.o)
                              Core/Src/lcd.o (sprintf)
c:/st/stm32cubeide_1.1.0/stm32cubeide/plugins/com.st.stm32cube.ide.mcu.externaltools.gnu-tools-for-stm32.7-2018-q2-update.win32_1.0.0.201904181610/tools/bin/../lib/gcc/arm-none-eabi/7.3.1/../../../../arm-none-eabi/lib/thumb/v7e-m/fpv4-sp/hard\libc_nano.a(lib_a-strlen.o)
                              Core/Src/lcd.o (strlen)
c:/st/stm32cubeide_1.1.0/stm32cubeide/plugins/com.st.stm32cube.ide.mcu.externaltools.gnu-tools-for-stm32.7-2018-q2-update.win32_1.0.0.201904181610/tools/bin/../lib/gcc/arm-none-eabi/7.3.1/../../../../arm-none-eabi/lib/thumb/v7e-m/fpv4-sp/hard\libc_nano.a(lib_a-nano-svfprintf.o)
                              c:/st/stm32cubeide_1.1.0/stm32cubeide/plugins/com.st.stm32cube.ide.mcu.externaltools.gnu-tools-for-stm32.7-2018-q2-update.win32_1.0.0.201904181610/tools/bin/../lib/gcc/arm-none-eabi/7.3.1/../../../../arm-none-eabi/lib/thumb/v7e-m/fpv4-sp/hard\libc_nano.a(lib_a-sprintf.o) (_svfprintf_r)
c:/st/stm32cubeide_1.1.0/stm32cubeide/plugins/com.st.stm32cube.ide.mcu.externaltools.gnu-tools-for-stm32.7-2018-q2-update.win32_1.0.0.201904181610/tools/bin/../lib/gcc/arm-none-eabi/7.3.1/../../../../arm-none-eabi/lib/thumb/v7e-m/fpv4-sp/hard\libc_nano.a(lib_a-nano-vfprintf_i.o)
                              c:/st/stm32cubeide_1.1.0/stm32cubeide/plugins/com.st.stm32cube.ide.mcu.externaltools.gnu-tools-for-stm32.7-2018-q2-update.win32_1.0.0.201904181610/tools/bin/../lib/gcc/arm-none-eabi/7.3.1/../../../../arm-none-eabi/lib/thumb/v7e-m/fpv4-sp/hard\libc_nano.a(lib_a-nano-svfprintf.o) (_printf_i)
c:/st/stm32cubeide_1.1.0/stm32cubeide/plugins/com.st.stm32cube.ide.mcu.externaltools.gnu-tools-for-stm32.7-2018-q2-update.win32_1.0.0.201904181610/tools/bin/../lib/gcc/arm-none-eabi/7.3.1/../../../../arm-none-eabi/lib/thumb/v7e-m/fpv4-sp/hard\libc_nano.a(lib_a-memchr.o)
[...]
Memory Configuration

Name             Origin             Length             Attributes
RAM              0x0000000020000000 0x0000000000050000 xrw
FLASH            0x0000000008000000 0x0000000000100000 xr
*default*        0x0000000000000000 0xffffffffffffffff

Linker script and memory map

LOAD c:/st/stm32cubeide_1.1.0/stm32cubeide/plugins/com.st.stm32cube.ide.mcu.externaltools.gnu-tools-for-stm32.7-2018-q2-update.win32_1.0.0.201904181610/tools/bin/../lib/gcc/arm-none-eabi/7.3.1/thumb/v7e-m/fpv4-sp/hard/crti.o
LOAD c:/st/stm32cubeide_1.1.0/stm32cubeide/plugins/com.st.stm32cube.ide.mcu.externaltools.gnu-tools-for-stm32.7-2018-q2-update.win32_1.0.0.201904181610/tools/bin/../lib/gcc/arm-none-eabi/7.3.1/thumb/v7e-m/fpv4-sp/hard/crtbegin.o
LOAD c:/st/stm32cubeide_1.1.0/stm32cubeide/plugins/com.st.stm32cube.ide.mcu.externaltools.gnu-tools-for-stm32.7-2018-q2-update.win32_1.0.0.201904181610/tools/bin/../lib/gcc/arm-none-eabi/7.3.1/../../../../arm-none-eabi/lib/thumb/v7e-m/fpv4-sp/hard/crt0.o
LOAD Core/Src/adc.o
LOAD Core/Src/dma.o
LOAD Core/Src/eth.o
LOAD Core/Src/gpio.o
LOAD Core/Src/lcd.o
LOAD Core/Src/main.o
LOAD Core/Src/servo.o
LOAD Core/Src/stm32f7xx_hal_msp.o
LOAD Core/Src/stm32f7xx_it.o
LOAD Core/Src/sys.o
LOAD Core/Src/syscalls.o
LOAD Core/Src/sysmem.o
LOAD Core/Src/system_stm32f7xx.o
LOAD Core/Src/tim.o
LOAD Core/Src/usart.o
LOAD Core/Src/usb_otg.o
LOAD Core/Startup/startup_stm32f746zgtx.o
LOAD Drivers/STM32F7xx_HAL_Driver/Src/stm32f7xx_hal.o
LOAD Drivers/STM32F7xx_HAL_Driver/Src/stm32f7xx_hal_adc.o
LOAD Drivers/STM32F7xx_HAL_Driver/Src/stm32f7xx_hal_adc_ex.o
LOAD Drivers/STM32F7xx_HAL_Driver/Src/stm32f7xx_hal_cortex.o
LOAD Drivers/STM32F7xx_HAL_Driver/Src/stm32f7xx_hal_dma.o
LOAD Drivers/STM32F7xx_HAL_Driver/Src/stm32f7xx_hal_dma_ex.o
LOAD Drivers/STM32F7xx_HAL_Driver/Src/stm32f7xx_hal_eth.o
LOAD Drivers/STM32F7xx_HAL_Driver/Src/stm32f7xx_hal_exti.o
LOAD Drivers/STM32F7xx_HAL_Driver/Src/stm32f7xx_hal_flash.o
LOAD Drivers/STM32F7xx_HAL_Driver/Src/stm32f7xx_hal_flash_ex.o
LOAD Drivers/STM32F7xx_HAL_Driver/Src/stm32f7xx_hal_gpio.o
LOAD Drivers/STM32F7xx_HAL_Driver/Src/stm32f7xx_hal_i2c.o
LOAD Drivers/STM32F7xx_HAL_Driver/Src/stm32f7xx_hal_i2c_ex.o
LOAD Drivers/STM32F7xx_HAL_Driver/Src/stm32f7xx_hal_pcd.o
LOAD Drivers/STM32F7xx_HAL_Driver/Src/stm32f7xx_hal_pcd_ex.o
LOAD Drivers/STM32F7xx_HAL_Driver/Src/stm32f7xx_hal_pwr.o
LOAD Drivers/STM32F7xx_HAL_Driver/Src/stm32f7xx_hal_pwr_ex.o
LOAD Drivers/STM32F7xx_HAL_Driver/Src/stm32f7xx_hal_rcc.o
LOAD Drivers/STM32F7xx_HAL_Driver/Src/stm32f7xx_hal_rcc_ex.o
LOAD Drivers/STM32F7xx_HAL_Driver/Src/stm32f7xx_hal_tim.o
LOAD Drivers/STM32F7xx_HAL_Driver/Src/stm32f7xx_hal_tim_ex.o
LOAD Drivers/STM32F7xx_HAL_Driver/Src/stm32f7xx_hal_uart.o
LOAD Drivers/STM32F7xx_HAL_Driver/Src/stm32f7xx_hal_uart_ex.o
LOAD Drivers/STM32F7xx_HAL_Driver/Src/stm32f7xx_ll_usb.o
START GROUP
LOAD c:/st/stm32cubeide_1.1.0/stm32cubeide/plugins/com.st.stm32cube.ide.mcu.externaltools.gnu-tools-for-stm32.7-2018-q2-update.win32_1.0.0.201904181610/tools/bin/../lib/gcc/arm-none-eabi/7.3.1/../../../../arm-none-eabi/lib/thumb/v7e-m/fpv4-sp/hard\libc_nano.a
LOAD c:/st/stm32cubeide_1.1.0/stm32cubeide/plugins/com.st.stm32cube.ide.mcu.externaltools.gnu-tools-for-stm32.7-2018-q2-update.win32_1.0.0.201904181610/tools/bin/../lib/gcc/arm-none-eabi/7.3.1/../../../../arm-none-eabi/lib/thumb/v7e-m/fpv4-sp/hard\libm.a
END GROUP
START GROUP
LOAD c:/st/stm32cubeide_1.1.0/stm32cubeide/plugins/com.st.stm32cube.ide.mcu.externaltools.gnu-tools-for-stm32.7-2018-q2-update.win32_1.0.0.201904181610/tools/bin/../lib/gcc/arm-none-eabi/7.3.1/thumb/v7e-m/fpv4-sp/hard\libgcc.a
LOAD c:/st/stm32cubeide_1.1.0/stm32cubeide/plugins/com.st.stm32cube.ide.mcu.externaltools.gnu-tools-for-stm32.7-2018-q2-update.win32_1.0.0.201904181610/tools/bin/../lib/gcc/arm-none-eabi/7.3.1/../../../../arm-none-eabi/lib/thumb/v7e-m/fpv4-sp/hard\libc_nano.a
END GROUP
START GROUP
LOAD c:/st/stm32cubeide_1.1.0/stm32cubeide/plugins/com.st.stm32cube.ide.mcu.externaltools.gnu-tools-for-stm32.7-2018-q2-update.win32_1.0.0.201904181610/tools/bin/../lib/gcc/arm-none-eabi/7.3.1/thumb/v7e-m/fpv4-sp/hard\libgcc.a
LOAD c:/st/stm32cubeide_1.1.0/stm32cubeide/plugins/com.st.stm32cube.ide.mcu.externaltools.gnu-tools-for-stm32.7-2018-q2-update.win32_1.0.0.201904181610/tools/bin/../lib/gcc/arm-none-eabi/7.3.1/../../../../arm-none-eabi/lib/thumb/v7e-m/fpv4-sp/hard\libc_nano.a
LOAD c:/st/stm32cubeide_1.1.0/stm32cubeide/plugins/com.st.stm32cube.ide.mcu.externaltools.gnu-tools-for-stm32.7-2018-q2-update.win32_1.0.0.201904181610/tools/bin/../lib/gcc/arm-none-eabi/7.3.1/../../../../arm-none-eabi/lib/thumb/v7e-m/fpv4-sp/hard\libnosys.a
END GROUP
START GROUP
LOAD c:/st/stm32cubeide_1.1.0/stm32cubeide/plugins/com.st.stm32cube.ide.mcu.externaltools.gnu-tools-for-stm32.7-2018-q2-update.win32_1.0.0.201904181610/tools/bin/../lib/gcc/arm-none-eabi/7.3.1/thumb/v7e-m/fpv4-sp/hard\libgcc.a
LOAD c:/st/stm32cubeide_1.1.0/stm32cubeide/plugins/com.st.stm32cube.ide.mcu.externaltools.gnu-tools-for-stm32.7-2018-q2-update.win32_1.0.0.201904181610/tools/bin/../lib/gcc/arm-none-eabi/7.3.1/../../../../arm-none-eabi/lib/thumb/v7e-m/fpv4-sp/hard\libc_nano.a
LOAD c:/st/stm32cubeide_1.1.0/stm32cubeide/plugins/com.st.stm32cube.ide.mcu.externaltools.gnu-tools-for-stm32.7-2018-q2-update.win32_1.0.0.201904181610/tools/bin/../lib/gcc/arm-none-eabi/7.3.1/../../../../arm-none-eabi/lib/thumb/v7e-m/fpv4-sp/hard\libnosys.a
END GROUP
LOAD c:/st/stm32cubeide_1.1.0/stm32cubeide/plugins/com.st.stm32cube.ide.mcu.externaltools.gnu-tools-for-stm32.7-2018-q2-update.win32_1.0.0.201904181610/tools/bin/../lib/gcc/arm-none-eabi/7.3.1/thumb/v7e-m/fpv4-sp/hard/crtend.o
LOAD c:/st/stm32cubeide_1.1.0/stm32cubeide/plugins/com.st.stm32cube.ide.mcu.externaltools.gnu-tools-for-stm32.7-2018-q2-update.win32_1.0.0.201904181610/tools/bin/../lib/gcc/arm-none-eabi/7.3.1/thumb/v7e-m/fpv4-sp/hard/crtn.o
                0x0000000020050000                _estack = (ORIGIN (RAM) + LENGTH (RAM))
                0x0000000000000200                _Min_Heap_Size = 0x200
                0x0000000000000400                _Min_Stack_Size = 0x400

.isr_vector     0x0000000008000000      0x1c8
                0x0000000008000000                . = ALIGN (0x4)
 *(.isr_vector)
 .isr_vector    0x0000000008000000      0x1c8 Core/Startup/startup_stm32f746zgtx.o
                0x0000000008000000                g_pfnVectors
                0x00000000080001c8                . = ALIGN (0x4)

.text           0x00000000080001d0     0x702c
                0x00000000080001d0                . = ALIGN (0x4)
 *(.text)
 .text          0x00000000080001d0       0x40 c:/st/stm32cubeide_1.1.0/stm32cubeide/plugins/com.st.stm32cube.ide.mcu.externaltools.gnu-tools-for-stm32.7-2018-q2-update.win32_1.0.0.201904181610/tools/bin/../lib/gcc/arm-none-eabi/7.3.1/thumb/v7e-m/fpv4-sp/hard/crtbegin.o
 .text          0x0000000008000210       0x10 c:/st/stm32cubeide_1.1.0/stm32cubeide/plugins/com.st.stm32cube.ide.mcu.externaltools.gnu-tools-for-stm32.7-2018-q2-update.win32_1.0.0.201904181610/tools/bin/../lib/gcc/arm-none-eabi/7.3.1/../../../../arm-none-eabi/lib/thumb/v7e-m/fpv4-sp/hard\libc_nano.a(lib_a-strlen.o)
                0x0000000008000210                strlen
 .text          0x0000000008000220       0xa0 c:/st/stm32cubeide_1.1.0/stm32cubeide/plugins/com.st.stm32cube.ide.mcu.externaltools.gnu-tools-for-stm32.7-2018-q2-update.win32_1.0.0.201904181610/tools/bin/../lib/gcc/arm-none-eabi/7.3.1/../../../../arm-none-eabi/lib/thumb/v7e-m/fpv4-sp/hard\libc_nano.a(lib_a-memchr.o)
                0x0000000008000220                memchr
 .text          0x00000000080002c0       0x30 c:/st/stm32cubeide_1.1.0/stm32cubeide/plugins/com.st.stm32cube.ide.mcu.externaltools.gnu-tools-for-stm32.7-2018-q2-update.win32_1.0.0.201904181610/tools/bin/../lib/gcc/arm-none-eabi/7.3.1/thumb/v7e-m/fpv4-sp/hard\libgcc.a(_aeabi_uldivmod.o)
                0x00000000080002c0                __aeabi_uldivmod
 .text          0x00000000080002f0      0x2cc c:/st/stm32cubeide_1.1.0/stm32cubeide/plugins/com.st.stm32cube.ide.mcu.externaltools.gnu-tools-for-stm32.7-2018-q2-update.win32_1.0.0.201904181610/tools/bin/../lib/gcc/arm-none-eabi/7.3.1/thumb/v7e-m/fpv4-sp/hard\libgcc.a(_udivmoddi4.o)
                0x00000000080002f0                __udivmoddi4
 .text          0x00000000080005bc        0x4 c:/st/stm32cubeide_1.1.0/stm32cubeide/plugins/com.st.stm32cube.ide.mcu.externaltools.gnu-tools-for-stm32.7-2018-q2-update.win32_1.0.0.201904181610/tools/bin/../lib/gcc/arm-none-eabi/7.3.1/thumb/v7e-m/fpv4-sp/hard\libgcc.a(_dvmd_tls.o)
                0x00000000080005bc                __aeabi_idiv0
                0x00000000080005bc                __aeabi_ldiv0
 *(.text*)
 .text.MX_ADC1_Init
                0x00000000080005c0       0xa4 Core/Src/adc.o
                0x00000000080005c0                MX_ADC1_Init
 .text.HAL_ADC_MspInit
                0x0000000008000664       0xe8 Core/Src/adc.o
                0x0000000008000664                HAL_ADC_MspInit
 .text.MX_DMA_Init
                0x000000000800074c       0x3c Core/Src/dma.o
                0x000000000800074c                MX_DMA_Init
 .text.MX_ETH_Init
                0x0000000008000788       0x80 Core/Src/eth.o
                0x0000000008000788                MX_ETH_Init
 .text.HAL_ETH_MspInit
                0x0000000008000808      0x170 Core/Src/eth.o
                0x0000000008000808                HAL_ETH_MspInit
 .text.MX_GPIO_Init
                0x0000000008000978      0x1b0 Core/Src/gpio.o
                0x0000000008000978                MX_GPIO_Init
 .text.Lcd_create
                0x0000000008000b28       0x56 Core/Src/lcd.o
                0x0000000008000b28                Lcd_create
 .text.Lcd_init
                0x0000000008000b7e       0x52 Core/Src/lcd.o
                0x0000000008000b7e                Lcd_init
 .text.Lcd_int  0x0000000008000bd0       0x30 Core/Src/lcd.o
                0x0000000008000bd0                Lcd_int
 .text.Lcd_string
                0x0000000008000c00       0x3c Core/Src/lcd.o
                0x0000000008000c00                Lcd_string
 .text.Lcd_cursor
                0x0000000008000c3c       0x34 Core/Src/lcd.o
                0x0000000008000c3c                Lcd_cursor
 .text.lcd_write_command
                0x0000000008000c70       0x5c Core/Src/lcd.o
 .text.lcd_write_data
                0x0000000008000ccc       0x5c Core/Src/lcd.o
 .text.lcd_write
                0x0000000008000d28       0x80 Core/Src/lcd.o
 .text.HAL_TIM_PeriodElapsedCallback
                0x0000000008000da8       0x40 Core/Src/main.o
                0x0000000008000da8                HAL_TIM_PeriodElapsedCallback
 .text.main     0x0000000008000de8      0x134 Core/Src/main.o
                0x0000000008000de8                main
 .text.SystemClock_Config
                0x0000000008000f1c      0x120 Core/Src/main.o
                0x0000000008000f1c                SystemClock_Config
 .text.Error_Handler
                0x000000000800103c        0xe Core/Src/main.o
                0x000000000800103c                Error_Handler
 .text.Servo_Init
                0x000000000800104a       0x30 Core/Src/servo.o
                0x000000000800104a                Servo_Init
 .text.map      0x000000000800107a       0x38 Core/Src/servo.o
                0x000000000800107a                map
 .text.Servo_SetAngle
                0x00000000080010b2       0xa4 Core/Src/servo.o
                0x00000000080010b2                Servo_SetAngle
 *fill*         0x0000000008001156        0x2 
 .text.HAL_MspInit
                0x0000000008001158       0x48 Core/Src/stm32f7xx_hal_msp.o
                0x0000000008001158                HAL_MspInit
 .text.NMI_Handler
                0x00000000080011a0        0xe Core/Src/stm32f7xx_it.o
                0x00000000080011a0                NMI_Handler
 .text.HardFault_Handler
                0x00000000080011ae        0x6 Core/Src/stm32f7xx_it.o
                0x00000000080011ae                HardFault_Handler
 .text.MemManage_Handler
                0x00000000080011b4        0x6 Core/Src/stm32f7xx_it.o
                0x00000000080011b4                MemManage_Handler
 .text.BusFault_Handler
                0x00000000080011ba        0x6 Core/Src/stm32f7xx_it.o
                0x00000000080011ba                BusFault_Handler
 .text.UsageFault_Handler
                0x00000000080011c0        0x6 Core/Src/stm32f7xx_it.o
                0x00000000080011c0                UsageFault_Handler
 .text.SVC_Handler
                0x00000000080011c6        0xe Core/Src/stm32f7xx_it.o
                0x00000000080011c6                SVC_Handler
 .text.DebugMon_Handler
                0x00000000080011d4        0xe Core/Src/stm32f7xx_it.o
                0x00000000080011d4                DebugMon_Handler
 .text.PendSV_Handler
                0x00000000080011e2        0xe Core/Src/stm32f7xx_it.o
                0x00000000080011e2                PendSV_Handler
 .text.SysTick_Handler
                0x00000000080011f0        0xc Core/Src/stm32f7xx_it.o
                0x00000000080011f0                SysTick_Handler
 .text.TIM2_IRQHandler
                0x00000000080011fc       0x14 Core/Src/stm32f7xx_it.o
                0x00000000080011fc                TIM2_IRQHandler
 .text.TIM3_IRQHandler
                0x0000000008001210       0x14 Core/Src/stm32f7xx_it.o
                0x0000000008001210                TIM3_IRQHandler
 .text.DMA2_Stream0_IRQHandler
                0x0000000008001224       0x14 Core/Src/stm32f7xx_it.o
                0x0000000008001224                DMA2_Stream0_IRQHandler
 .text._sbrk    0x0000000008001238       0x58 Core/Src/sysmem.o
                0x0000000008001238                _sbrk
 .text.SystemInit
                0x0000000008001290       0x6c Core/Src/system_stm32f7xx.o
                0x0000000008001290                SystemInit
 .text.MX_TIM1_Init
                0x00000000080012fc      0x158 Core/Src/tim.o
                0x00000000080012fc                MX_TIM1_Init
 .text.MX_TIM2_Init
                0x0000000008001454       0x9c Core/Src/tim.o
                0x0000000008001454                MX_TIM2_Init
 .text.MX_TIM3_Init
                0x00000000080014f0       0xa0 Core/Src/tim.o
                0x00000000080014f0                MX_TIM3_Init
 .text.HAL_TIM_Base_MspInit
                0x0000000008001590       0xa8 Core/Src/tim.o
                0x0000000008001590                HAL_TIM_Base_MspInit
 .text.HAL_TIM_MspPostInit
                0x0000000008001638       0x70 Core/Src/tim.o
                0x0000000008001638                HAL_TIM_MspPostInit
 .text.MX_USART3_UART_Init
                0x00000000080016a8       0x60 Core/Src/usart.o
                0x00000000080016a8                MX_USART3_UART_Init
 .text.HAL_UART_MspInit
                0x0000000008001708       0x88 Core/Src/usart.o
                0x0000000008001708                HAL_UART_MspInit
 .text.MX_USB_OTG_FS_PCD_Init
                0x0000000008001790       0x5c Core/Src/usb_otg.o
                0x0000000008001790                MX_USB_OTG_FS_PCD_Init
 .text.HAL_PCD_MspInit
                0x00000000080017ec       0xb8 Core/Src/usb_otg.o
                0x00000000080017ec                HAL_PCD_MspInit
 .text.Reset_Handler
                0x00000000080018a4       0x50 Core/Startup/startup_stm32f746zgtx.o
                0x00000000080018a4                Reset_Handler
 .text.Default_Handler
                0x00000000080018f4        0x2 Core/Startup/startup_stm32f746zgtx.o
                0x00000000080018f4                RTC_Alarm_IRQHandler
                0x00000000080018f4                EXTI2_IRQHandler
                0x00000000080018f4                TIM8_CC_IRQHandler
                0x00000000080018f4                UART8_IRQHandler
                0x00000000080018f4                SPI4_IRQHandler
                0x00000000080018f4                TIM1_CC_IRQHandler
                0x00000000080018f4                DMA2_Stream5_IRQHandler
                0x00000000080018f4                DMA1_Stream5_IRQHandler
                0x00000000080018f4                PVD_IRQHandler
                0x00000000080018f4                TAMP_STAMP_IRQHandler
                0x00000000080018f4                CAN2_RX1_IRQHandler
                0x00000000080018f4                EXTI3_IRQHandler
                0x00000000080018f4                TIM8_TRG_COM_TIM14_IRQHandler
                0x00000000080018f4                TIM1_UP_TIM10_IRQHandler
                0x00000000080018f4                TIM8_UP_TIM13_IRQHandler
                0x00000000080018f4                I2C3_ER_IRQHandler
                0x00000000080018f4                EXTI0_IRQHandler
                0x00000000080018f4                I2C2_EV_IRQHandler
                0x00000000080018f4                DMA1_Stream2_IRQHandler
                0x00000000080018f4                CAN1_RX0_IRQHandler
                0x00000000080018f4                FPU_IRQHandler
                0x00000000080018f4                OTG_HS_WKUP_IRQHandler
                0x00000000080018f4                LTDC_ER_IRQHandler
                0x00000000080018f4                CAN2_SCE_IRQHandler
                0x00000000080018f4                DMA2_Stream2_IRQHandler
                0x00000000080018f4                SPI1_IRQHandler
                0x00000000080018f4                TIM6_DAC_IRQHandler
                0x00000000080018f4                TIM1_BRK_TIM9_IRQHandler
                0x00000000080018f4                DCMI_IRQHandler
                0x00000000080018f4                CAN2_RX0_IRQHandler
                0x00000000080018f4                DMA2_Stream3_IRQHandler
                0x00000000080018f4                SAI2_IRQHandler
                0x00000000080018f4                USART6_IRQHandler
                0x00000000080018f4                USART3_IRQHandler
                0x00000000080018f4                CAN1_RX1_IRQHandler
                0x00000000080018f4                UART5_IRQHandler
                0x00000000080018f4                TIM4_IRQHandler
                0x00000000080018f4                QUADSPI_IRQHandler
                0x00000000080018f4                I2C1_EV_IRQHandler
                0x00000000080018f4                DMA1_Stream6_IRQHandler
                0x00000000080018f4                DMA1_Stream1_IRQHandler
                0x00000000080018f4                UART4_IRQHandler
                0x00000000080018f4                RCC_IRQHandler
                0x00000000080018f4                TIM8_BRK_TIM12_IRQHandler
                0x00000000080018f4                Default_Handler
                0x00000000080018f4                CEC_IRQHandler
                0x00000000080018f4                EXTI15_10_IRQHandler
                0x00000000080018f4                ADC_IRQHandler
                0x00000000080018f4                DMA1_Stream7_IRQHandler
                0x00000000080018f4                SPI5_IRQHandler
                0x00000000080018f4                TIM7_IRQHandler
                0x00000000080018f4                SDMMC1_IRQHandler
                0x00000000080018f4                CAN2_TX_IRQHandler
                0x00000000080018f4                TIM5_IRQHandler
                0x00000000080018f4                DMA2_Stream7_IRQHandler
                0x00000000080018f4                I2C3_EV_IRQHandler
                0x00000000080018f4                EXTI9_5_IRQHandler
                0x00000000080018f4                RTC_WKUP_IRQHandler
                0x00000000080018f4                LTDC_IRQHandler
                0x00000000080018f4                ETH_WKUP_IRQHandler
                0x00000000080018f4                SPDIF_RX_IRQHandler
                0x00000000080018f4                SPI2_IRQHandler
                0x00000000080018f4                OTG_HS_EP1_IN_IRQHandler
                0x00000000080018f4                DMA1_Stream0_IRQHandler
                0x00000000080018f4                CAN1_TX_IRQHandler
                0x00000000080018f4                EXTI4_IRQHandler
                0x00000000080018f4                RNG_IRQHandler
                0x00000000080018f4                ETH_IRQHandler
                0x00000000080018f4                OTG_HS_EP1_OUT_IRQHandler
                0x00000000080018f4                WWDG_IRQHandler
                0x00000000080018f4                SPI6_IRQHandler
                0x00000000080018f4                I2C4_EV_IRQHandler
                0x00000000080018f4                OTG_FS_WKUP_IRQHandler
                0x00000000080018f4                TIM1_TRG_COM_TIM11_IRQHandler
                0x00000000080018f4                OTG_HS_IRQHandler
                0x00000000080018f4                DMA2D_IRQHandler
                0x00000000080018f4                EXTI1_IRQHandler
                0x00000000080018f4                UART7_IRQHandler
                0x00000000080018f4                USART2_IRQHandler
                0x00000000080018f4                I2C2_ER_IRQHandler
                0x00000000080018f4                DMA2_Stream1_IRQHandler
                0x00000000080018f4                CAN1_SCE_IRQHandler
                0x00000000080018f4                FLASH_IRQHandler
                0x00000000080018f4                DMA2_Stream4_IRQHandler
                0x00000000080018f4                USART1_IRQHandler
                0x00000000080018f4                OTG_FS_IRQHandler
                0x00000000080018f4                SPI3_IRQHandler
                0x00000000080018f4                DMA1_Stream4_IRQHandler
                0x00000000080018f4                I2C1_ER_IRQHandler
                0x00000000080018f4                FMC_IRQHandler
                0x00000000080018f4                LPTIM1_IRQHandler
                0x00000000080018f4                I2C4_ER_IRQHandler
                0x00000000080018f4                DMA2_Stream6_IRQHandler
                0x00000000080018f4                SAI1_IRQHandler
                0x00000000080018f4                DMA1_Stream3_IRQHandler
 .text.HAL_Init
                0x00000000080018f6       0x1a Drivers/STM32F7xx_HAL_Driver/Src/stm32f7xx_hal.o
                0x00000000080018f6                HAL_Init
 .text.HAL_InitTick
                0x0000000008001910       0x60 Drivers/STM32F7xx_HAL_Driver/Src/stm32f7xx_hal.o
                0x0000000008001910                HAL_InitTick
 .text.HAL_IncTick
                0x0000000008001970       0x28 Drivers/STM32F7xx_HAL_Driver/Src/stm32f7xx_hal.o
                0x0000000008001970                HAL_IncTick
 .text.HAL_GetTick
                0x0000000008001998       0x18 Drivers/STM32F7xx_HAL_Driver/Src/stm32f7xx_hal.o
                0x0000000008001998                HAL_GetTick
 .text.HAL_Delay
                0x00000000080019b0       0x44 Drivers/STM32F7xx_HAL_Driver/Src/stm32f7xx_hal.o
                0x00000000080019b0                HAL_Delay
 .text.HAL_ADC_Init
                0x00000000080019f4       0x88 Drivers/STM32F7xx_HAL_Driver/Src/stm32f7xx_hal_adc.o
                0x00000000080019f4                HAL_ADC_Init
 .text.HAL_ADC_Start_DMA
                0x0000000008001a7c      0x1dc Drivers/STM32F7xx_HAL_Driver/Src/stm32f7xx_hal_adc.o
                0x0000000008001a7c                HAL_ADC_Start_DMA
 .text.HAL_ADC_ConvCpltCallback
                0x0000000008001c58       0x14 Drivers/STM32F7xx_HAL_Driver/Src/stm32f7xx_hal_adc.o
                0x0000000008001c58                HAL_ADC_ConvCpltCallback
 .text.HAL_ADC_ConvHalfCpltCallback
                0x0000000008001c6c       0x14 Drivers/STM32F7xx_HAL_Driver/Src/stm32f7xx_hal_adc.o
                0x0000000008001c6c                HAL_ADC_ConvHalfCpltCallback
 .text.HAL_ADC_ErrorCallback
                0x0000000008001c80       0x14 Drivers/STM32F7xx_HAL_Driver/Src/stm32f7xx_hal_adc.o
                0x0000000008001c80                HAL_ADC_ErrorCallback
 .text.HAL_ADC_ConfigChannel
                0x0000000008001c94      0x268 Drivers/STM32F7xx_HAL_Driver/Src/stm32f7xx_hal_adc.o
                0x0000000008001c94                HAL_ADC_ConfigChannel
 .text.ADC_Init
                0x0000000008001efc      0x1f4 Drivers/STM32F7xx_HAL_Driver/Src/stm32f7xx_hal_adc.o
 .text.ADC_DMAConvCplt
                0x00000000080020f0       0xba Drivers/STM32F7xx_HAL_Driver/Src/stm32f7xx_hal_adc.o
 .text.ADC_DMAHalfConvCplt
                0x00000000080021aa       0x1c Drivers/STM32F7xx_HAL_Driver/Src/stm32f7xx_hal_adc.o
 .text.ADC_DMAError
                0x00000000080021c6       0x2e Drivers/STM32F7xx_HAL_Driver/Src/stm32f7xx_hal_adc.o
 .text.__NVIC_SetPriorityGrouping
                0x00000000080021f4       0x48 Drivers/STM32F7xx_HAL_Driver/Src/stm32f7xx_hal_cortex.o
 .text.__NVIC_GetPriorityGrouping
                0x000000000800223c       0x1c Drivers/STM32F7xx_HAL_Driver/Src/stm32f7xx_hal_cortex.o
 .text.__NVIC_EnableIRQ
                0x0000000008002258       0x3c Drivers/STM32F7xx_HAL_Driver/Src/stm32f7xx_hal_cortex.o
 .text.__NVIC_SetPriority
                0x0000000008002294       0x54 Drivers/STM32F7xx_HAL_Driver/Src/stm32f7xx_hal_cortex.o
 .text.NVIC_EncodePriority
                0x00000000080022e8       0x66 Drivers/STM32F7xx_HAL_Driver/Src/stm32f7xx_hal_cortex.o
 *fill*         0x000000000800234e        0x2 
 .text.SysTick_Config
                0x0000000008002350       0x44 Drivers/STM32F7xx_HAL_Driver/Src/stm32f7xx_hal_cortex.o
 .text.HAL_NVIC_SetPriorityGrouping
                0x0000000008002394       0x16 Drivers/STM32F7xx_HAL_Driver/Src/stm32f7xx_hal_cortex.o
                0x0000000008002394                HAL_NVIC_SetPriorityGrouping
 .text.HAL_NVIC_SetPriority
                0x00000000080023aa       0x38 Drivers/STM32F7xx_HAL_Driver/Src/stm32f7xx_hal_cortex.o
                0x00000000080023aa                HAL_NVIC_SetPriority
 .text.HAL_NVIC_EnableIRQ
                0x00000000080023e2       0x1c Drivers/STM32F7xx_HAL_Driver/Src/stm32f7xx_hal_cortex.o
                0x00000000080023e2                HAL_NVIC_EnableIRQ
 .text.HAL_SYSTICK_Config
                0x00000000080023fe       0x18 Drivers/STM32F7xx_HAL_Driver/Src/stm32f7xx_hal_cortex.o
                0x00000000080023fe                HAL_SYSTICK_Config
 *fill*         0x0000000008002416        0x2 
 .text.HAL_DMA_Init
                0x0000000008002418      0x15c Drivers/STM32F7xx_HAL_Driver/Src/stm32f7xx_hal_dma.o
                0x0000000008002418                HAL_DMA_Init
 .text.HAL_DMA_Start_IT
                0x0000000008002574       0xc0 Drivers/STM32F7xx_HAL_Driver/Src/stm32f7xx_hal_dma.o
                0x0000000008002574                HAL_DMA_Start_IT
 .text.HAL_DMA_IRQHandler
                0x0000000008002634      0x314 Drivers/STM32F7xx_HAL_Driver/Src/stm32f7xx_hal_dma.o
                0x0000000008002634                HAL_DMA_IRQHandler
 .text.DMA_SetConfig
                0x0000000008002948       0x5c Drivers/STM32F7xx_HAL_Driver/Src/stm32f7xx_hal_dma.o
 .text.DMA_CalcBaseAndBitshift
                0x00000000080029a4       0x6c Drivers/STM32F7xx_HAL_Driver/Src/stm32f7xx_hal_dma.o
 .text.DMA_CheckFifoParam
                0x0000000008002a10       0xf4 Drivers/STM32F7xx_HAL_Driver/Src/stm32f7xx_hal_dma.o
 .text.HAL_ETH_Init
                0x0000000008002b04      0x338 Drivers/STM32F7xx_HAL_Driver/Src/stm32f7xx_hal_eth.o
                0x0000000008002b04                HAL_ETH_Init
 .text.HAL_ETH_ReadPHYRegister
                0x0000000008002e3c       0xd0 Drivers/STM32F7xx_HAL_Driver/Src/stm32f7xx_hal_eth.o
                0x0000000008002e3c                HAL_ETH_ReadPHYRegister
 .text.HAL_ETH_WritePHYRegister
                0x0000000008002f0c       0xcc Drivers/STM32F7xx_HAL_Driver/Src/stm32f7xx_hal_eth.o
                0x0000000008002f0c                HAL_ETH_WritePHYRegister
 .text.ETH_MACDMAConfig
                0x0000000008002fd8      0x394 Drivers/STM32F7xx_HAL_Driver/Src/stm32f7xx_hal_eth.o
 .text.ETH_MACAddressConfig
                0x000000000800336c       0x70 Drivers/STM32F7xx_HAL_Driver/Src/stm32f7xx_hal_eth.o
 .text.HAL_GPIO_Init
                0x00000000080033dc      0x354 Drivers/STM32F7xx_HAL_Driver/Src/stm32f7xx_hal_gpio.o
                0x00000000080033dc                HAL_GPIO_Init
 .text.HAL_GPIO_WritePin
                0x0000000008003730       0x32 Drivers/STM32F7xx_HAL_Driver/Src/stm32f7xx_hal_gpio.o
                0x0000000008003730                HAL_GPIO_WritePin
 .text.HAL_PCD_Init
                0x0000000008003762      0x230 Drivers/STM32F7xx_HAL_Driver/Src/stm32f7xx_hal_pcd.o
                0x0000000008003762                HAL_PCD_Init
 *fill*         0x0000000008003992        0x2 
 .text.HAL_PCDEx_ActivateLPM
                0x0000000008003994       0x48 Drivers/STM32F7xx_HAL_Driver/Src/stm32f7xx_hal_pcd_ex.o
                0x0000000008003994                HAL_PCDEx_ActivateLPM
 .text.HAL_PWR_EnableBkUpAccess
                0x00000000080039dc       0x20 Drivers/STM32F7xx_HAL_Driver/Src/stm32f7xx_hal_pwr.o
                0x00000000080039dc                HAL_PWR_EnableBkUpAccess
 .text.HAL_RCC_OscConfig
                0x00000000080039fc      0x4e0 Drivers/STM32F7xx_HAL_Driver/Src/stm32f7xx_hal_rcc.o
                0x00000000080039fc                HAL_RCC_OscConfig
 .text.HAL_RCC_ClockConfig
                0x0000000008003edc      0x1d0 Drivers/STM32F7xx_HAL_Driver/Src/stm32f7xx_hal_rcc.o
                0x0000000008003edc                HAL_RCC_ClockConfig
 .text.HAL_RCC_GetSysClockFreq
                0x00000000080040ac      0x1b0 Drivers/STM32F7xx_HAL_Driver/Src/stm32f7xx_hal_rcc.o
                0x00000000080040ac                HAL_RCC_GetSysClockFreq
 .text.HAL_RCC_GetHCLKFreq
                0x000000000800425c       0x18 Drivers/STM32F7xx_HAL_Driver/Src/stm32f7xx_hal_rcc.o
                0x000000000800425c                HAL_RCC_GetHCLKFreq
 .text.HAL_RCC_GetPCLK1Freq
                0x0000000008004274       0x28 Drivers/STM32F7xx_HAL_Driver/Src/stm32f7xx_hal_rcc.o
                0x0000000008004274                HAL_RCC_GetPCLK1Freq
 .text.HAL_RCC_GetPCLK2Freq
                0x000000000800429c       0x28 Drivers/STM32F7xx_HAL_Driver/Src/stm32f7xx_hal_rcc.o
                0x000000000800429c                HAL_RCC_GetPCLK2Freq
 .text.HAL_RCCEx_PeriphCLKConfig
                0x00000000080042c4      0x7dc Drivers/STM32F7xx_HAL_Driver/Src/stm32f7xx_hal_rcc_ex.o
                0x00000000080042c4                HAL_RCCEx_PeriphCLKConfig
 .text.HAL_TIM_Base_Init
                0x0000000008004aa0       0x56 Drivers/STM32F7xx_HAL_Driver/Src/stm32f7xx_hal_tim.o
                0x0000000008004aa0                HAL_TIM_Base_Init
 *fill*         0x0000000008004af6        0x2 
 .text.HAL_TIM_Base_Start_IT
                0x0000000008004af8       0x54 Drivers/STM32F7xx_HAL_Driver/Src/stm32f7xx_hal_tim.o
                0x0000000008004af8                HAL_TIM_Base_Start_IT
 .text.HAL_TIM_PWM_Init
                0x0000000008004b4c       0x56 Drivers/STM32F7xx_HAL_Driver/Src/stm32f7xx_hal_tim.o
                0x0000000008004b4c                HAL_TIM_PWM_Init
 .text.HAL_TIM_PWM_MspInit
                0x0000000008004ba2       0x14 Drivers/STM32F7xx_HAL_Driver/Src/stm32f7xx_hal_tim.o
                0x0000000008004ba2                HAL_TIM_PWM_MspInit
 *fill*         0x0000000008004bb6        0x2 
 .text.HAL_TIM_PWM_Start
                0x0000000008004bb8       0x88 Drivers/STM32F7xx_HAL_Driver/Src/stm32f7xx_hal_tim.o
                0x0000000008004bb8                HAL_TIM_PWM_Start
 .text.HAL_TIM_IRQHandler
                0x0000000008004c40      0x23e Drivers/STM32F7xx_HAL_Driver/Src/stm32f7xx_hal_tim.o
                0x0000000008004c40                HAL_TIM_IRQHandler
 *fill*         0x0000000008004e7e        0x2 
 .text.HAL_TIM_PWM_ConfigChannel
                0x0000000008004e80      0x230 Drivers/STM32F7xx_HAL_Driver/Src/stm32f7xx_hal_tim.o
                0x0000000008004e80                HAL_TIM_PWM_ConfigChannel
 .text.HAL_TIM_ConfigClockSource
                0x00000000080050b0      0x174 Drivers/STM32F7xx_HAL_Driver/Src/stm32f7xx_hal_tim.o
                0x00000000080050b0                HAL_TIM_ConfigClockSource
 .text.HAL_TIM_OC_DelayElapsedCallback
                0x0000000008005224       0x14 Drivers/STM32F7xx_HAL_Driver/Src/stm32f7xx_hal_tim.o
                0x0000000008005224                HAL_TIM_OC_DelayElapsedCallback
 .text.HAL_TIM_IC_CaptureCallback
                0x0000000008005238       0x14 Drivers/STM32F7xx_HAL_Driver/Src/stm32f7xx_hal_tim.o
                0x0000000008005238                HAL_TIM_IC_CaptureCallback
 .text.HAL_TIM_PWM_PulseFinishedCallback
                0x000000000800524c       0x14 Drivers/STM32F7xx_HAL_Driver/Src/stm32f7xx_hal_tim.o
                0x000000000800524c                HAL_TIM_PWM_PulseFinishedCallback
 .text.HAL_TIM_TriggerCallback
                0x0000000008005260       0x14 Drivers/STM32F7xx_HAL_Driver/Src/stm32f7xx_hal_tim.o
                0x0000000008005260                HAL_TIM_TriggerCallback
 .text.TIM_Base_SetConfig
                0x0000000008005274      0x140 Drivers/STM32F7xx_HAL_Driver/Src/stm32f7xx_hal_tim.o
                0x0000000008005274                TIM_Base_SetConfig
 .text.TIM_OC1_SetConfig
                0x00000000080053b4       0xe4 Drivers/STM32F7xx_HAL_Driver/Src/stm32f7xx_hal_tim.o
 .text.TIM_OC2_SetConfig
                0x0000000008005498       0xf0 Drivers/STM32F7xx_HAL_Driver/Src/stm32f7xx_hal_tim.o
                0x0000000008005498                TIM_OC2_SetConfig
 .text.TIM_OC3_SetConfig
                0x0000000008005588       0xec Drivers/STM32F7xx_HAL_Driver/Src/stm32f7xx_hal_tim.o
 .text.TIM_OC4_SetConfig
                0x0000000008005674       0xb0 Drivers/STM32F7xx_HAL_Driver/Src/stm32f7xx_hal_tim.o
 .text.TIM_OC5_SetConfig
                0x0000000008005724       0xa4 Drivers/STM32F7xx_HAL_Driver/Src/stm32f7xx_hal_tim.o
 .text.TIM_OC6_SetConfig
                0x00000000080057c8       0xa8 Drivers/STM32F7xx_HAL_Driver/Src/stm32f7xx_hal_tim.o
 .text.TIM_TI1_ConfigInputStage
                0x0000000008005870       0x5e Drivers/STM32F7xx_HAL_Driver/Src/stm32f7xx_hal_tim.o
 .text.TIM_TI2_ConfigInputStage
                0x00000000080058ce       0x60 Drivers/STM32F7xx_HAL_Driver/Src/stm32f7xx_hal_tim.o
 .text.TIM_ITRx_SetConfig
                0x000000000800592e       0x36 Drivers/STM32F7xx_HAL_Driver/Src/stm32f7xx_hal_tim.o
 .text.TIM_ETR_SetConfig
                0x0000000008005964       0x40 Drivers/STM32F7xx_HAL_Driver/Src/stm32f7xx_hal_tim.o
                0x0000000008005964                TIM_ETR_SetConfig
 .text.TIM_CCxChannelCmd
                0x00000000080059a4       0x4a Drivers/STM32F7xx_HAL_Driver/Src/stm32f7xx_hal_tim.o
                0x00000000080059a4                TIM_CCxChannelCmd
 *fill*         0x00000000080059ee        0x2 
 .text.HAL_TIMEx_MasterConfigSynchronization
                0x00000000080059f0       0xb8 Drivers/STM32F7xx_HAL_Driver/Src/stm32f7xx_hal_tim_ex.o
                0x00000000080059f0                HAL_TIMEx_MasterConfigSynchronization
 .text.HAL_TIMEx_ConfigBreakDeadTime
                0x0000000008005aa8       0xfc Drivers/STM32F7xx_HAL_Driver/Src/stm32f7xx_hal_tim_ex.o
                0x0000000008005aa8                HAL_TIMEx_ConfigBreakDeadTime
 .text.HAL_TIMEx_CommutCallback
                0x0000000008005ba4       0x14 Drivers/STM32F7xx_HAL_Driver/Src/stm32f7xx_hal_tim_ex.o
                0x0000000008005ba4                HAL_TIMEx_CommutCallback
 .text.HAL_TIMEx_BreakCallback
                0x0000000008005bb8       0x14 Drivers/STM32F7xx_HAL_Driver/Src/stm32f7xx_hal_tim_ex.o
                0x0000000008005bb8                HAL_TIMEx_BreakCallback
 .text.HAL_TIMEx_Break2Callback
                0x0000000008005bcc       0x14 Drivers/STM32F7xx_HAL_Driver/Src/stm32f7xx_hal_tim_ex.o
                0x0000000008005bcc                HAL_TIMEx_Break2Callback
 .text.HAL_UART_Init
                0x0000000008005be0       0x9c Drivers/STM32F7xx_HAL_Driver/Src/stm32f7xx_hal_uart.o
                0x0000000008005be0                HAL_UART_Init
 .text.UART_SetConfig
                0x0000000008005c7c      0x548 Drivers/STM32F7xx_HAL_Driver/Src/stm32f7xx_hal_uart.o
                0x0000000008005c7c                UART_SetConfig
 .text.UART_AdvFeatureConfig
                0x00000000080061c4      0x144 Drivers/STM32F7xx_HAL_Driver/Src/stm32f7xx_hal_uart.o
                0x00000000080061c4                UART_AdvFeatureConfig
 .text.UART_CheckIdleState
                0x0000000008006308       0x5e Drivers/STM32F7xx_HAL_Driver/Src/stm32f7xx_hal_uart.o
                0x0000000008006308                UART_CheckIdleState
 .text.UART_WaitOnFlagUntilTimeout
                0x0000000008006366       0x90 Drivers/STM32F7xx_HAL_Driver/Src/stm32f7xx_hal_uart.o
                0x0000000008006366                UART_WaitOnFlagUntilTimeout
 *fill*         0x00000000080063f6        0x2 
 .text.USB_CoreInit
                0x00000000080063f8       0xb0 Drivers/STM32F7xx_HAL_Driver/Src/stm32f7xx_ll_usb.o
                0x00000000080063f8                USB_CoreInit
 .text.USB_DisableGlobalInt
                0x00000000080064a8       0x22 Drivers/STM32F7xx_HAL_Driver/Src/stm32f7xx_ll_usb.o
                0x00000000080064a8                USB_DisableGlobalInt
 .text.USB_SetCurrentMode
                0x00000000080064ca       0x54 Drivers/STM32F7xx_HAL_Driver/Src/stm32f7xx_ll_usb.o
                0x00000000080064ca                USB_SetCurrentMode
 *fill*         0x000000000800651e        0x2 
 .text.USB_DevInit
                0x0000000008006520      0x2f8 Drivers/STM32F7xx_HAL_Driver/Src/stm32f7xx_ll_usb.o
                0x0000000008006520                USB_DevInit
 .text.USB_FlushTxFifo
                0x0000000008006818       0x4c Drivers/STM32F7xx_HAL_Driver/Src/stm32f7xx_ll_usb.o
                0x0000000008006818                USB_FlushTxFifo
 .text.USB_FlushRxFifo
                0x0000000008006864       0x44 Drivers/STM32F7xx_HAL_Driver/Src/stm32f7xx_ll_usb.o
                0x0000000008006864                USB_FlushRxFifo
 .text.USB_SetDevSpeed
                0x00000000080068a8       0x32 Drivers/STM32F7xx_HAL_Driver/Src/stm32f7xx_ll_usb.o
                0x00000000080068a8                USB_SetDevSpeed
 .text.USB_DevDisconnect
                0x00000000080068da       0x30 Drivers/STM32F7xx_HAL_Driver/Src/stm32f7xx_ll_usb.o
                0x00000000080068da                USB_DevDisconnect
 *fill*         0x000000000800690a        0x2 
 .text.USB_CoreReset
                0x000000000800690c       0x68 Drivers/STM32F7xx_HAL_Driver/Src/stm32f7xx_ll_usb.o
 .text.__errno  0x0000000008006974        0xc c:/st/stm32cubeide_1.1.0/stm32cubeide/plugins/com.st.stm32cube.ide.mcu.externaltools.gnu-tools-for-stm32.7-2018-q2-update.win32_1.0.0.201904181610/tools/bin/../lib/gcc/arm-none-eabi/7.3.1/../../../../arm-none-eabi/lib/thumb/v7e-m/fpv4-sp/hard\libc_nano.a(lib_a-errno.o)
                0x0000000008006974                __errno
 .text.__libc_init_array
                0x0000000008006980       0x48 c:/st/stm32cubeide_1.1.0/stm32cubeide/plugins/com.st.stm32cube.ide.mcu.externaltools.gnu-tools-for-stm32.7-2018-q2-update.win32_1.0.0.201904181610/tools/bin/../lib/gcc/arm-none-eabi/7.3.1/../../../../arm-none-eabi/lib/thumb/v7e-m/fpv4-sp/hard\libc_nano.a(lib_a-init.o)
                0x0000000008006980                __libc_init_array
 .text.memset   0x00000000080069c8       0x10 c:/st/stm32cubeide_1.1.0/stm32cubeide/plugins/com.st.stm32cube.ide.mcu.externaltools.gnu-tools-for-stm32.7-2018-q2-update.win32_1.0.0.201904181610/tools/bin/../lib/gcc/arm-none-eabi/7.3.1/../../../../arm-none-eabi/lib/thumb/v7e-m/fpv4-sp/hard\libc_nano.a(lib_a-memset.o)
                0x00000000080069c8                memset
 .text.sprintf  0x00000000080069d8       0x40 c:/st/stm32cubeide_1.1.0/stm32cubeide/plugins/com.st.stm32cube.ide.mcu.externaltools.gnu-tools-for-stm32.7-2018-q2-update.win32_1.0.0.201904181610/tools/bin/../lib/gcc/arm-none-eabi/7.3.1/../../../../arm-none-eabi/lib/thumb/v7e-m/fpv4-sp/hard\libc_nano.a(lib_a-sprintf.o)
                0x00000000080069d8                siprintf
                0x00000000080069d8                sprintf
 .text.__ssputs_r
                0x0000000008006a18       0xb4 c:/st/stm32cubeide_1.1.0/stm32cubeide/plugins/com.st.stm32cube.ide.mcu.externaltools.gnu-tools-for-stm32.7-2018-q2-update.win32_1.0.0.201904181610/tools/bin/../lib/gcc/arm-none-eabi/7.3.1/../../../../arm-none-eabi/lib/thumb/v7e-m/fpv4-sp/hard\libc_nano.a(lib_a-nano-svfprintf.o)
                0x0000000008006a18                __ssputs_r
 .text._svfprintf_r
                0x0000000008006acc      0x1f0 c:/st/stm32cubeide_1.1.0/stm32cubeide/plugins/com.st.stm32cube.ide.mcu.externaltools.gnu-tools-for-stm32.7-2018-q2-update.win32_1.0.0.201904181610/tools/bin/../lib/gcc/arm-none-eabi/7.3.1/../../../../arm-none-eabi/lib/thumb/v7e-m/fpv4-sp/hard\libc_nano.a(lib_a-nano-svfprintf.o)
                0x0000000008006acc                _svfiprintf_r
                0x0000000008006acc                _svfprintf_r
 .text._printf_common
                0x0000000008006cbc       0xea c:/st/stm32cubeide_1.1.0/stm32cubeide/plugins/com.st.stm32cube.ide.mcu.externaltools.gnu-tools-for-stm32.7-2018-q2-update.win32_1.0.0.201904181610/tools/bin/../lib/gcc/arm-none-eabi/7.3.1/../../../../arm-none-eabi/lib/thumb/v7e-m/fpv4-sp/hard\libc_nano.a(lib_a-nano-vfprintf_i.o)
                0x0000000008006cbc                _printf_common
 *fill*         0x0000000008006da6        0x2 
 .text._printf_i
                0x0000000008006da8      0x224 c:/st/stm32cubeide_1.1.0/stm32cubeide/plugins/com.st.stm32cube.ide.mcu.externaltools.gnu-tools-for-stm32.7-2018-q2-update.win32_1.0.0.201904181610/tools/bin/../lib/gcc/arm-none-eabi/7.3.1/../../../../arm-none-eabi/lib/thumb/v7e-m/fpv4-sp/hard\libc_nano.a(lib_a-nano-vfprintf_i.o)
                0x0000000008006da8                _printf_i
 .text.memcpy   0x0000000008006fcc       0x16 c:/st/stm32cubeide_1.1.0/stm32cubeide/plugins/com.st.stm32cube.ide.mcu.externaltools.gnu-tools-for-stm32.7-2018-q2-update.win32_1.0.0.201904181610/tools/bin/../lib/gcc/arm-none-eabi/7.3.1/../../../../arm-none-eabi/lib/thumb/v7e-m/fpv4-sp/hard\libc_nano.a(lib_a-memcpy-stub.o)
                0x0000000008006fcc                memcpy
 .text.memmove  0x0000000008006fe2       0x32 c:/st/stm32cubeide_1.1.0/stm32cubeide/plugins/com.st.stm32cube.ide.mcu.externaltools.gnu-tools-for-stm32.7-2018-q2-update.win32_1.0.0.201904181610/tools/bin/../lib/gcc/arm-none-eabi/7.3.1/../../../../arm-none-eabi/lib/thumb/v7e-m/fpv4-sp/hard\libc_nano.a(lib_a-memmove.o)
                0x0000000008006fe2                memmove
 .text._free_r  0x0000000008007014       0x9c c:/st/stm32cubeide_1.1.0/stm32cubeide/plugins/com.st.stm32cube.ide.mcu.externaltools.gnu-tools-for-stm32.7-2018-q2-update.win32_1.0.0.201904181610/tools/bin/../lib/gcc/arm-none-eabi/7.3.1/../../../../arm-none-eabi/lib/thumb/v7e-m/fpv4-sp/hard\libc_nano.a(lib_a-nano-freer.o)
                0x0000000008007014                _free_r
 .text._malloc_r
                0x00000000080070b0       0xb4 c:/st/stm32cubeide_1.1.0/stm32cubeide/plugins/com.st.stm32cube.ide.mcu.externaltools.gnu-tools-for-stm32.7-2018-q2-update.win32_1.0.0.201904181610/tools/bin/../lib/gcc/arm-none-eabi/7.3.1/../../../../arm-none-eabi/lib/thumb/v7e-m/fpv4-sp/hard\libc_nano.a(lib_a-nano-mallocr.o)
                0x00000000080070b0                _malloc_r
 .text._realloc_r
                0x0000000008007164       0x4c c:/st/stm32cubeide_1.1.0/stm32cubeide/plugins/com.st.stm32cube.ide.mcu.externaltools.gnu-tools-for-stm32.7-2018-q2-update.win32_1.0.0.201904181610/tools/bin/../lib/gcc/arm-none-eabi/7.3.1/../../../../arm-none-eabi/lib/thumb/v7e-m/fpv4-sp/hard\libc_nano.a(lib_a-nano-reallocr.o)
                0x0000000008007164                _realloc_r
 .text._sbrk_r  0x00000000080071b0       0x20 c:/st/stm32cubeide_1.1.0/stm32cubeide/plugins/com.st.stm32cube.ide.mcu.externaltools.gnu-tools-for-stm32.7-2018-q2-update.win32_1.0.0.201904181610/tools/bin/../lib/gcc/arm-none-eabi/7.3.1/../../../../arm-none-eabi/lib/thumb/v7e-m/fpv4-sp/hard\libc_nano.a(lib_a-sbrkr.o)
                0x00000000080071b0                _sbrk_r
 .text.__malloc_lock
                0x00000000080071d0        0x2 c:/st/stm32cubeide_1.1.0/stm32cubeide/plugins/com.st.stm32cube.ide.mcu.externaltools.gnu-tools-for-stm32.7-2018-q2-update.win32_1.0.0.201904181610/tools/bin/../lib/gcc/arm-none-eabi/7.3.1/../../../../arm-none-eabi/lib/thumb/v7e-m/fpv4-sp/hard\libc_nano.a(lib_a-mlock.o)
                0x00000000080071d0                __malloc_lock
 .text.__malloc_unlock
                0x00000000080071d2        0x2 c:/st/stm32cubeide_1.1.0/stm32cubeide/plugins/com.st.stm32cube.ide.mcu.externaltools.gnu-tools-for-stm32.7-2018-q2-update.win32_1.0.0.201904181610/tools/bin/../lib/gcc/arm-none-eabi/7.3.1/../../../../arm-none-eabi/lib/thumb/v7e-m/fpv4-sp/hard\libc_nano.a(lib_a-mlock.o)
                0x00000000080071d2                __malloc_unlock
 .text._malloc_usable_size_r
                0x00000000080071d4       0x10 c:/st/stm32cubeide_1.1.0/stm32cubeide/plugins/com.st.stm32cube.ide.mcu.externaltools.gnu-tools-for-stm32.7-2018-q2-update.win32_1.0.0.201904181610/tools/bin/../lib/gcc/arm-none-eabi/7.3.1/../../../../arm-none-eabi/lib/thumb/v7e-m/fpv4-sp/hard\libc_nano.a(lib_a-nano-msizer.o)
                0x00000000080071d4                _malloc_usable_size_r
 *(.glue_7)
 .glue_7        0x00000000080071e4        0x0 linker stubs
 *(.glue_7t)
 .glue_7t       0x00000000080071e4        0x0 linker stubs
 *(.eh_frame)
 .eh_frame      0x00000000080071e4        0x0 c:/st/stm32cubeide_1.1.0/stm32cubeide/plugins/com.st.stm32cube.ide.mcu.externaltools.gnu-tools-for-stm32.7-2018-q2-update.win32_1.0.0.201904181610/tools/bin/../lib/gcc/arm-none-eabi/7.3.1/thumb/v7e-m/fpv4-sp/hard/crtbegin.o
 *(.init)
 .init          0x00000000080071e4        0x4 c:/st/stm32cubeide_1.1.0/stm32cubeide/plugins/com.st.stm32cube.ide.mcu.externaltools.gnu-tools-for-stm32.7-2018-q2-update.win32_1.0.0.201904181610/tools/bin/../lib/gcc/arm-none-eabi/7.3.1/thumb/v7e-m/fpv4-sp/hard/crti.o
                0x00000000080071e4                _init
 .init          0x00000000080071e8        0x8 c:/st/stm32cubeide_1.1.0/stm32cubeide/plugins/com.st.stm32cube.ide.mcu.externaltools.gnu-tools-for-stm32.7-2018-q2-update.win32_1.0.0.201904181610/tools/bin/../lib/gcc/arm-none-eabi/7.3.1/thumb/v7e-m/fpv4-sp/hard/crtn.o
 *(.fini)
 .fini          0x00000000080071f0        0x4 c:/st/stm32cubeide_1.1.0/stm32cubeide/plugins/com.st.stm32cube.ide.mcu.externaltools.gnu-tools-for-stm32.7-2018-q2-update.win32_1.0.0.201904181610/tools/bin/../lib/gcc/arm-none-eabi/7.3.1/thumb/v7e-m/fpv4-sp/hard/crti.o
                0x00000000080071f0                _fini
 .fini          0x00000000080071f4        0x8 c:/st/stm32cubeide_1.1.0/stm32cubeide/plugins/com.st.stm32cube.ide.mcu.externaltools.gnu-tools-for-stm32.7-2018-q2-update.win32_1.0.0.201904181610/tools/bin/../lib/gcc/arm-none-eabi/7.3.1/thumb/v7e-m/fpv4-sp/hard/crtn.o
                0x00000000080071fc                . = ALIGN (0x4)
                0x00000000080071fc                _etext = .

.vfp11_veneer   0x00000000080071fc        0x0
 .vfp11_veneer  0x00000000080071fc        0x0 linker stubs

.v4_bx          0x00000000080071fc        0x0
 .v4_bx         0x00000000080071fc        0x0 linker stubs

.iplt           0x00000000080071fc        0x0
 .iplt          0x00000000080071fc        0x0 c:/st/stm32cubeide_1.1.0/stm32cubeide/plugins/com.st.stm32cube.ide.mcu.externaltools.gnu-tools-for-stm32.7-2018-q2-update.win32_1.0.0.201904181610/tools/bin/../lib/gcc/arm-none-eabi/7.3.1/thumb/v7e-m/fpv4-sp/hard/crtbegin.o

.rodata         0x00000000080071fc       0x70
                0x00000000080071fc                . = ALIGN (0x4)
 *(.rodata)
 .rodata        0x00000000080071fc        0x3 Core/Src/lcd.o
 *fill*         0x00000000080071ff        0x1 
 .rodata        0x0000000008007200       0x14 Core/Src/main.o
 *(.rodata*)
 .rodata.ROW_16
                0x0000000008007214        0x4 Core/Src/lcd.o
                0x0000000008007214                ROW_16
 .rodata.AHBPrescTable
                0x0000000008007218       0x10 Core/Src/system_stm32f7xx.o
                0x0000000008007218                AHBPrescTable
 .rodata.APBPrescTable
                0x0000000008007228        0x8 Core/Src/system_stm32f7xx.o
                0x0000000008007228                APBPrescTable
 .rodata.flagBitshiftOffset.9393
                0x0000000008007230        0x8 Drivers/STM32F7xx_HAL_Driver/Src/stm32f7xx_hal_dma.o
 .rodata._svfprintf_r.str1.1
                0x0000000008007238       0x11 c:/st/stm32cubeide_1.1.0/stm32cubeide/plugins/com.st.stm32cube.ide.mcu.externaltools.gnu-tools-for-stm32.7-2018-q2-update.win32_1.0.0.201904181610/tools/bin/../lib/gcc/arm-none-eabi/7.3.1/../../../../arm-none-eabi/lib/thumb/v7e-m/fpv4-sp/hard\libc_nano.a(lib_a-nano-svfprintf.o)
 .rodata._printf_i.str1.1
                0x0000000008007249       0x22 c:/st/stm32cubeide_1.1.0/stm32cubeide/plugins/com.st.stm32cube.ide.mcu.externaltools.gnu-tools-for-stm32.7-2018-q2-update.win32_1.0.0.201904181610/tools/bin/../lib/gcc/arm-none-eabi/7.3.1/../../../../arm-none-eabi/lib/thumb/v7e-m/fpv4-sp/hard\libc_nano.a(lib_a-nano-vfprintf_i.o)
                0x000000000800726c                . = ALIGN (0x4)
 *fill*         0x000000000800726b        0x1 

.ARM.extab      0x000000000800726c        0x0
                0x000000000800726c                . = ALIGN (0x4)
 *(.ARM.extab* .gnu.linkonce.armextab.*)
                0x000000000800726c                . = ALIGN (0x4)

.ARM            0x000000000800726c        0x8
                0x000000000800726c                . = ALIGN (0x4)
                0x000000000800726c                __exidx_start = .
 *(.ARM.exidx*)
 .ARM.exidx     0x000000000800726c        0x8 c:/st/stm32cubeide_1.1.0/stm32cubeide/plugins/com.st.stm32cube.ide.mcu.externaltools.gnu-tools-for-stm32.7-2018-q2-update.win32_1.0.0.201904181610/tools/bin/../lib/gcc/arm-none-eabi/7.3.1/thumb/v7e-m/fpv4-sp/hard\libgcc.a(_udivmoddi4.o)
                0x0000000008007274                __exidx_end = .
                0x0000000008007274                . = ALIGN (0x4)

.rel.dyn        0x0000000008007274        0x0
 .rel.iplt      0x0000000008007274        0x0 c:/st/stm32cubeide_1.1.0/stm32cubeide/plugins/com.st.stm32cube.ide.mcu.externaltools.gnu-tools-for-stm32.7-2018-q2-update.win32_1.0.0.201904181610/tools/bin/../lib/gcc/arm-none-eabi/7.3.1/thumb/v7e-m/fpv4-sp/hard/crtbegin.o

.preinit_array  0x0000000008007274        0x0
                0x0000000008007274                . = ALIGN (0x4)
                0x0000000008007274                PROVIDE (__preinit_array_start = .)
 *(.preinit_array*)
                0x0000000008007274                PROVIDE (__preinit_array_end = .)
                0x0000000008007274                . = ALIGN (0x4)

.init_array     0x0000000008007274        0x4
                0x0000000008007274                . = ALIGN (0x4)
                0x0000000008007274                PROVIDE (__init_array_start = .)
 *(SORT_BY_NAME(.init_array.*))
 *(.init_array*)
 .init_array    0x0000000008007274        0x4 c:/st/stm32cubeide_1.1.0/stm32cubeide/plugins/com.st.stm32cube.ide.mcu.externaltools.gnu-tools-for-stm32.7-2018-q2-update.win32_1.0.0.201904181610/tools/bin/../lib/gcc/arm-none-eabi/7.3.1/thumb/v7e-m/fpv4-sp/hard/crtbegin.o
                0x0000000008007278                PROVIDE (__init_array_end = .)
                0x0000000008007278                . = ALIGN (0x4)

.fini_array     0x0000000008007278        0x4
                0x0000000008007278                . = ALIGN (0x4)
                [!provide]                        PROVIDE (__fini_array_start = .)
 *(SORT_BY_NAME(.fini_array.*))
 *(.fini_array*)
 .fini_array    0x0000000008007278        0x4 c:/st/stm32cubeide_1.1.0/stm32cubeide/plugins/com.st.stm32cube.ide.mcu.externaltools.gnu-tools-for-stm32.7-2018-q2-update.win32_1.0.0.201904181610/tools/bin/../lib/gcc/arm-none-eabi/7.3.1/thumb/v7e-m/fpv4-sp/hard/crtbegin.o
                [!provide]                        PROVIDE (__fini_array_end = .)
                0x000000000800727c                . = ALIGN (0x4)
                0x000000000800727c                _sidata = LOADADDR (.data)

.data           0x0000000020000000       0x88 load address 0x000000000800727c
                0x0000000020000000                . = ALIGN (0x4)
                0x0000000020000000                _sdata = .
 *(.data)
 *(.data*)
 .data.ports    0x0000000020000000       0x10 Core/Src/main.o
                0x0000000020000000                ports
 .data.pins     0x0000000020000010        0x8 Core/Src/main.o
                0x0000000020000010                pins
 .data.SystemCoreClock
                0x0000000020000018        0x4 Core/Src/system_stm32f7xx.o
                0x0000000020000018                SystemCoreClock
 .data.uwTickPrio
                0x000000002000001c        0x4 Drivers/STM32F7xx_HAL_Driver/Src/stm32f7xx_hal.o
                0x000000002000001c                uwTickPrio
 .data.uwTickFreq
                0x0000000020000020        0x1 Drivers/STM32F7xx_HAL_Driver/Src/stm32f7xx_hal.o
                0x0000000020000020                uwTickFreq
 *fill*         0x0000000020000021        0x3 
 .data._impure_ptr
                0x0000000020000024        0x4 c:/st/stm32cubeide_1.1.0/stm32cubeide/plugins/com.st.stm32cube.ide.mcu.externaltools.gnu-tools-for-stm32.7-2018-q2-update.win32_1.0.0.201904181610/tools/bin/../lib/gcc/arm-none-eabi/7.3.1/../../../../arm-none-eabi/lib/thumb/v7e-m/fpv4-sp/hard\libc_nano.a(lib_a-impure.o)
                0x0000000020000024                _impure_ptr
 .data.impure_data
                0x0000000020000028       0x60 c:/st/stm32cubeide_1.1.0/stm32cubeide/plugins/com.st.stm32cube.ide.mcu.externaltools.gnu-tools-for-stm32.7-2018-q2-update.win32_1.0.0.201904181610/tools/bin/../lib/gcc/arm-none-eabi/7.3.1/../../../../arm-none-eabi/lib/thumb/v7e-m/fpv4-sp/hard\libc_nano.a(lib_a-impure.o)
                0x0000000020000088                . = ALIGN (0x4)
                0x0000000020000088                _edata = .

.igot.plt       0x0000000020000088        0x0 load address 0x0000000008007304
 .igot.plt      0x0000000020000088        0x0 c:/st/stm32cubeide_1.1.0/stm32cubeide/plugins/com.st.stm32cube.ide.mcu.externaltools.gnu-tools-for-stm32.7-2018-q2-update.win32_1.0.0.201904181610/tools/bin/../lib/gcc/arm-none-eabi/7.3.1/thumb/v7e-m/fpv4-sp/hard/crtbegin.o
                0x0000000020000088                . = ALIGN (0x4)

.bss            0x0000000020000088      0x694 load address 0x0000000008007304
                0x0000000020000088                _sbss = .
                0x0000000020000088                __bss_start__ = _sbss
 *(.bss)
 .bss           0x0000000020000088       0x1c c:/st/stm32cubeide_1.1.0/stm32cubeide/plugins/com.st.stm32cube.ide.mcu.externaltools.gnu-tools-for-stm32.7-2018-q2-update.win32_1.0.0.201904181610/tools/bin/../lib/gcc/arm-none-eabi/7.3.1/thumb/v7e-m/fpv4-sp/hard/crtbegin.o
 *(.bss*)
 .bss.potentiometer
                0x00000000200000a4        0x4 Core/Src/main.o
                0x00000000200000a4                potentiometer
 .bss.ifDisplay
                0x00000000200000a8        0x4 Core/Src/main.o
                0x00000000200000a8                ifDisplay
 .bss.ifServo   0x00000000200000ac        0x4 Core/Src/main.o
                0x00000000200000ac                ifServo
 .bss.angle     0x00000000200000b0        0x4 Core/Src/main.o
                0x00000000200000b0                angle
 .bss.heap_end.6424
                0x00000000200000b4        0x4 Core/Src/sysmem.o
 .bss.__malloc_free_list
                0x00000000200000b8        0x4 c:/st/stm32cubeide_1.1.0/stm32cubeide/plugins/com.st.stm32cube.ide.mcu.externaltools.gnu-tools-for-stm32.7-2018-q2-update.win32_1.0.0.201904181610/tools/bin/../lib/gcc/arm-none-eabi/7.3.1/../../../../arm-none-eabi/lib/thumb/v7e-m/fpv4-sp/hard\libc_nano.a(lib_a-nano-mallocr.o)
                0x00000000200000b8                __malloc_free_list
 .bss.__malloc_sbrk_start
                0x00000000200000bc        0x4 c:/st/stm32cubeide_1.1.0/stm32cubeide/plugins/com.st.stm32cube.ide.mcu.externaltools.gnu-tools-for-stm32.7-2018-q2-update.win32_1.0.0.201904181610/tools/bin/../lib/gcc/arm-none-eabi/7.3.1/../../../../arm-none-eabi/lib/thumb/v7e-m/fpv4-sp/hard\libc_nano.a(lib_a-nano-mallocr.o)
                0x00000000200000bc                __malloc_sbrk_start
 *(COMMON)
 COMMON         0x00000000200000c0       0xa8 Core/Src/adc.o
                0x00000000200000c0                hadc1
                0x0000000020000108                hdma_adc1
 COMMON         0x0000000020000168       0x48 Core/Src/eth.o
                0x0000000020000168                heth
 COMMON         0x00000000200001b0       0x20 Core/Src/main.o
                0x00000000200001b0                servo1
                0x00000000200001b8                my_lcd
 COMMON         0x00000000200001d0       0xc0 Core/Src/tim.o
                0x00000000200001d0                htim3
                0x0000000020000210                htim1
                0x0000000020000250                htim2
 COMMON         0x0000000020000290       0x80 Core/Src/usart.o
                0x0000000020000290                huart3
 COMMON         0x0000000020000310      0x404 Core/Src/usb_otg.o
                0x0000000020000310                hpcd_USB_OTG_FS
 COMMON         0x0000000020000714        0x4 Drivers/STM32F7xx_HAL_Driver/Src/stm32f7xx_hal.o
                0x0000000020000714                uwTick
 COMMON         0x0000000020000718        0x4 c:/st/stm32cubeide_1.1.0/stm32cubeide/plugins/com.st.stm32cube.ide.mcu.externaltools.gnu-tools-for-stm32.7-2018-q2-update.win32_1.0.0.201904181610/tools/bin/../lib/gcc/arm-none-eabi/7.3.1/../../../../arm-none-eabi/lib/thumb/v7e-m/fpv4-sp/hard\libc_nano.a(lib_a-reent.o)
                0x0000000020000718                errno
                0x000000002000071c                . = ALIGN (0x4)
                0x000000002000071c                _ebss = .
                0x000000002000071c                __bss_end__ = _ebss

._user_heap_stack
                0x000000002000071c      0x604 load address 0x0000000008007304
                0x0000000020000720                . = ALIGN (0x8)
 *fill*         0x000000002000071c        0x4 
                0x0000000020000720                PROVIDE (end = .)
                [!provide]                        PROVIDE (_end = .)
                0x0000000020000920                . = (. + _Min_Heap_Size)
 *fill*         0x0000000020000720      0x200 
                0x0000000020000d20                . = (. + _Min_Stack_Size)
 *fill*         0x0000000020000920      0x400 
                0x0000000020000d20                . = ALIGN (0x8)

/DISCARD/
 libc.a(*)
 libm.a(*)
 libgcc.a(*)

.ARM.attributes
                0x0000000000000000       0x30
 *(.ARM.attributes)
 .ARM.attributes
                0x0000000000000000       0x22 c:/st/stm32cubeide_1.1.0/stm32cubeide/plugins/com.st.stm32cube.ide.mcu.externaltools.gnu-tools-for-stm32.7-2018-q2-update.win32_1.0.0.201904181610/tools/bin/../lib/gcc/arm-none-eabi/7.3.1/thumb/v7e-m/fpv4-sp/hard/crti.o
 .ARM.attributes
                0x0000000000000022       0x34 c:/st/stm32cubeide_1.1.0/stm32cubeide/plugins/com.st.stm32cube.ide.mcu.externaltools.gnu-tools-for-stm32.7-2018-q2-update.win32_1.0.0.201904181610/tools/bin/../lib/gcc/arm-none-eabi/7.3.1/thumb/v7e-m/fpv4-sp/hard/crtbegin.o
 .ARM.attributes
                0x0000000000000056       0x39 Core/Src/adc.o
 .ARM.attributes
                0x000000000000008f       0x39 Core/Src/dma.o
 .ARM.attributes
                0x00000000000000c8       0x39 Core/Src/eth.o
 .ARM.attributes
                0x0000000000000101       0x39 Core/Src/gpio.o
 .ARM.attributes
                0x000000000000013a       0x39 Core/Src/lcd.o
 .ARM.attributes
                0x0000000000000173       0x39 Core/Src/main.o
 .ARM.attributes
                0x00000000000001ac       0x39 Core/Src/servo.o
 .ARM.attributes
                0x00000000000001e5       0x39 Core/Src/stm32f7xx_hal_msp.o
 .ARM.attributes
                0x000000000000021e       0x39 Core/Src/stm32f7xx_it.o
 .ARM.attributes
                0x0000000000000257       0x39 Core/Src/sysmem.o
 .ARM.attributes
                0x0000000000000290       0x39 Core/Src/system_stm32f7xx.o
 .ARM.attributes
                0x00000000000002c9       0x39 Core/Src/tim.o
 .ARM.attributes
                0x0000000000000302       0x39 Core/Src/usart.o
 .ARM.attributes
                0x000000000000033b       0x39 Core/Src/usb_otg.o
 .ARM.attributes
                0x0000000000000374       0x21 Core/Startup/startup_stm32f746zgtx.o
 .ARM.attributes
                0x0000000000000395       0x39 Drivers/STM32F7xx_HAL_Driver/Src/stm32f7xx_hal.o
 .ARM.attributes
                0x00000000000003ce       0x39 Drivers/STM32F7xx_HAL_Driver/Src/stm32f7xx_hal_adc.o
 .ARM.attributes
                0x0000000000000407       0x39 Drivers/STM32F7xx_HAL_Driver/Src/stm32f7xx_hal_cortex.o
 .ARM.attributes
                0x0000000000000440       0x39 Drivers/STM32F7xx_HAL_Driver/Src/stm32f7xx_hal_dma.o
 .ARM.attributes
                0x0000000000000479       0x39 Drivers/STM32F7xx_HAL_Driver/Src/stm32f7xx_hal_eth.o
 .ARM.attributes
                0x00000000000004b2       0x39 Drivers/STM32F7xx_HAL_Driver/Src/stm32f7xx_hal_gpio.o
 .ARM.attributes
                0x00000000000004eb       0x39 Drivers/STM32F7xx_HAL_Driver/Src/stm32f7xx_hal_pcd.o
 .ARM.attributes
                0x0000000000000524       0x39 Drivers/STM32F7xx_HAL_Driver/Src/stm32f7xx_hal_pcd_ex.o
 .ARM.attributes
                0x000000000000055d       0x39 Drivers/STM32F7xx_HAL_Driver/Src/stm32f7xx_hal_pwr.o
 .ARM.attributes
                0x0000000000000596       0x39 Drivers/STM32F7xx_HAL_Driver/Src/stm32f7xx_hal_rcc.o
 .ARM.attributes
                0x00000000000005cf       0x39 Drivers/STM32F7xx_HAL_Driver/Src/stm32f7xx_hal_rcc_ex.o
 .ARM.attributes
                0x0000000000000608       0x39 Drivers/STM32F7xx_HAL_Driver/Src/stm32f7xx_hal_tim.o
 .ARM.attributes
                0x0000000000000641       0x39 Drivers/STM32F7xx_HAL_Driver/Src/stm32f7xx_hal_tim_ex.o
 .ARM.attributes
                0x000000000000067a       0x39 Drivers/STM32F7xx_HAL_Driver/Src/stm32f7xx_hal_uart.o
 .ARM.attributes
                0x00000000000006b3       0x39 Drivers/STM32F7xx_HAL_Driver/Src/stm32f7xx_ll_usb.o
 .ARM.attributes
                0x00000000000006ec       0x34 c:/st/stm32cubeide_1.1.0/stm32cubeide/plugins/com.st.stm32cube.ide.mcu.externaltools.gnu-tools-for-stm32.7-2018-q2-update.win32_1.0.0.201904181610/tools/bin/../lib/gcc/arm-none-eabi/7.3.1/../../../../arm-none-eabi/lib/thumb/v7e-m/fpv4-sp/hard\libc_nano.a(lib_a-errno.o)
 .ARM.attributes
                0x0000000000000720       0x34 c:/st/stm32cubeide_1.1.0/stm32cubeide/plugins/com.st.stm32cube.ide.mcu.externaltools.gnu-tools-for-stm32.7-2018-q2-update.win32_1.0.0.201904181610/tools/bin/../lib/gcc/arm-none-eabi/7.3.1/../../../../arm-none-eabi/lib/thumb/v7e-m/fpv4-sp/hard\libc_nano.a(lib_a-impure.o)
 .ARM.attributes
                0x0000000000000754       0x34 c:/st/stm32cubeide_1.1.0/stm32cubeide/plugins/com.st.stm32cube.ide.mcu.externaltools.gnu-tools-for-stm32.7-2018-q2-update.win32_1.0.0.201904181610/tools/bin/../lib/gcc/arm-none-eabi/7.3.1/../../../../arm-none-eabi/lib/thumb/v7e-m/fpv4-sp/hard\libc_nano.a(lib_a-init.o)
 .ARM.attributes
                0x0000000000000788       0x34 c:/st/stm32cubeide_1.1.0/stm32cubeide/plugins/com.st.stm32cube.ide.mcu.externaltools.gnu-tools-for-stm32.7-2018-q2-update.win32_1.0.0.201904181610/tools/bin/../lib/gcc/arm-none-eabi/7.3.1/../../../../arm-none-eabi/lib/thumb/v7e-m/fpv4-sp/hard\libc_nano.a(lib_a-memset.o)
 .ARM.attributes
                0x00000000000007bc       0x34 c:/st/stm32cubeide_1.1.0/stm32cubeide/plugins/com.st.stm32cube.ide.mcu.externaltools.gnu-tools-for-stm32.7-2018-q2-update.win32_1.0.0.201904181610/tools/bin/../lib/gcc/arm-none-eabi/7.3.1/../../../../arm-none-eabi/lib/thumb/v7e-m/fpv4-sp/hard\libc_nano.a(lib_a-sprintf.o)
 .ARM.attributes
                0x00000000000007f0       0x1b c:/st/stm32cubeide_1.1.0/stm32cubeide/plugins/com.st.stm32cube.ide.mcu.externaltools.gnu-tools-for-stm32.7-2018-q2-update.win32_1.0.0.201904181610/tools/bin/../lib/gcc/arm-none-eabi/7.3.1/../../../../arm-none-eabi/lib/thumb/v7e-m/fpv4-sp/hard\libc_nano.a(lib_a-strlen.o)
 .ARM.attributes
                0x000000000000080b       0x34 c:/st/stm32cubeide_1.1.0/stm32cubeide/plugins/com.st.stm32cube.ide.mcu.externaltools.gnu-tools-for-stm32.7-2018-q2-update.win32_1.0.0.201904181610/tools/bin/../lib/gcc/arm-none-eabi/7.3.1/../../../../arm-none-eabi/lib/thumb/v7e-m/fpv4-sp/hard\libc_nano.a(lib_a-nano-svfprintf.o)
 .ARM.attributes
                0x000000000000083f       0x34 c:/st/stm32cubeide_1.1.0/stm32cubeide/plugins/com.st.stm32cube.ide.mcu.externaltools.gnu-tools-for-stm32.7-2018-q2-update.win32_1.0.0.201904181610/tools/bin/../lib/gcc/arm-none-eabi/7.3.1/../../../../arm-none-eabi/lib/thumb/v7e-m/fpv4-sp/hard\libc_nano.a(lib_a-nano-vfprintf_i.o)
 .ARM.attributes
                0x0000000000000873       0x20 c:/st/stm32cubeide_1.1.0/stm32cubeide/plugins/com.st.stm32cube.ide.mcu.externaltools.gnu-tools-for-stm32.7-2018-q2-update.win32_1.0.0.201904181610/tools/bin/../lib/gcc/arm-none-eabi/7.3.1/../../../../arm-none-eabi/lib/thumb/v7e-m/fpv4-sp/hard\libc_nano.a(lib_a-memchr.o)
 .ARM.attributes
                0x0000000000000893       0x34 c:/st/stm32cubeide_1.1.0/stm32cubeide/plugins/com.st.stm32cube.ide.mcu.externaltools.gnu-tools-for-stm32.7-2018-q2-update.win32_1.0.0.201904181610/tools/bin/../lib/gcc/arm-none-eabi/7.3.1/../../../../arm-none-eabi/lib/thumb/v7e-m/fpv4-sp/hard\libc_nano.a(lib_a-memcpy-stub.o)
 .ARM.attributes
                0x00000000000008c7       0x34 c:/st/stm32cubeide_1.1.0/stm32cubeide/plugins/com.st.stm32cube.ide.mcu.externaltools.gnu-tools-for-stm32.7-2018-q2-update.win32_1.0.0.201904181610/tools/bin/../lib/gcc/arm-none-eabi/7.3.1/../../../../arm-none-eabi/lib/thumb/v7e-m/fpv4-sp/hard\libc_nano.a(lib_a-memmove.o)
 .ARM.attributes
                0x00000000000008fb       0x34 c:/st/stm32cubeide_1.1.0/stm32cubeide/plugins/com.st.stm32cube.ide.mcu.externaltools.gnu-tools-for-stm32.7-2018-q2-update.win32_1.0.0.201904181610/tools/bin/../lib/gcc/arm-none-eabi/7.3.1/../../../../arm-none-eabi/lib/thumb/v7e-m/fpv4-sp/hard\libc_nano.a(lib_a-nano-freer.o)
 .ARM.attributes
                0x000000000000092f       0x34 c:/st/stm32cubeide_1.1.0/stm32cubeide/plugins/com.st.stm32cube.ide.mcu.externaltools.gnu-tools-for-stm32.7-2018-q2-update.win32_1.0.0.201904181610/tools/bin/../lib/gcc/arm-none-eabi/7.3.1/../../../../arm-none-eabi/lib/thumb/v7e-m/fpv4-sp/hard\libc_nano.a(lib_a-nano-mallocr.o)
 .ARM.attributes
                0x0000000000000963       0x34 c:/st/stm32cubeide_1.1.0/stm32cubeide/plugins/com.st.stm32cube.ide.mcu.externaltools.gnu-tools-for-stm32.7-2018-q2-update.win32_1.0.0.201904181610/tools/bin/../lib/gcc/arm-none-eabi/7.3.1/../../../../arm-none-eabi/lib/thumb/v7e-m/fpv4-sp/hard\libc_nano.a(lib_a-nano-reallocr.o)
 .ARM.attributes
                0x0000000000000997       0x34 c:/st/stm32cubeide_1.1.0/stm32cubeide/plugins/com.st.stm32cube.ide.mcu.externaltools.gnu-tools-for-stm32.7-2018-q2-update.win32_1.0.0.201904181610/tools/bin/../lib/gcc/arm-none-eabi/7.3.1/../../../../arm-none-eabi/lib/thumb/v7e-m/fpv4-sp/hard\libc_nano.a(lib_a-sbrkr.o)
 .ARM.attributes
                0x00000000000009cb       0x34 c:/st/stm32cubeide_1.1.0/stm32cubeide/plugins/com.st.stm32cube.ide.mcu.externaltools.gnu-tools-for-stm32.7-2018-q2-update.win32_1.0.0.201904181610/tools/bin/../lib/gcc/arm-none-eabi/7.3.1/../../../../arm-none-eabi/lib/thumb/v7e-m/fpv4-sp/hard\libc_nano.a(lib_a-mlock.o)
 .ARM.attributes
                0x00000000000009ff       0x34 c:/st/stm32cubeide_1.1.0/stm32cubeide/plugins/com.st.stm32cube.ide.mcu.externaltools.gnu-tools-for-stm32.7-2018-q2-update.win32_1.0.0.201904181610/tools/bin/../lib/gcc/arm-none-eabi/7.3.1/../../../../arm-none-eabi/lib/thumb/v7e-m/fpv4-sp/hard\libc_nano.a(lib_a-nano-msizer.o)
 .ARM.attributes
                0x0000000000000a33       0x34 c:/st/stm32cubeide_1.1.0/stm32cubeide/plugins/com.st.stm32cube.ide.mcu.externaltools.gnu-tools-for-stm32.7-2018-q2-update.win32_1.0.0.201904181610/tools/bin/../lib/gcc/arm-none-eabi/7.3.1/../../../../arm-none-eabi/lib/thumb/v7e-m/fpv4-sp/hard\libc_nano.a(lib_a-reent.o)
 .ARM.attributes
                0x0000000000000a67       0x22 c:/st/stm32cubeide_1.1.0/stm32cubeide/plugins/com.st.stm32cube.ide.mcu.externaltools.gnu-tools-for-stm32.7-2018-q2-update.win32_1.0.0.201904181610/tools/bin/../lib/gcc/arm-none-eabi/7.3.1/thumb/v7e-m/fpv4-sp/hard\libgcc.a(_aeabi_uldivmod.o)
 .ARM.attributes
                0x0000000000000a89       0x34 c:/st/stm32cubeide_1.1.0/stm32cubeide/plugins/com.st.stm32cube.ide.mcu.externaltools.gnu-tools-for-stm32.7-2018-q2-update.win32_1.0.0.201904181610/tools/bin/../lib/gcc/arm-none-eabi/7.3.1/thumb/v7e-m/fpv4-sp/hard\libgcc.a(_udivmoddi4.o)
 .ARM.attributes
                0x0000000000000abd       0x22 c:/st/stm32cubeide_1.1.0/stm32cubeide/plugins/com.st.stm32cube.ide.mcu.externaltools.gnu-tools-for-stm32.7-2018-q2-update.win32_1.0.0.201904181610/tools/bin/../lib/gcc/arm-none-eabi/7.3.1/thumb/v7e-m/fpv4-sp/hard\libgcc.a(_dvmd_tls.o)
 .ARM.attributes
                0x0000000000000adf       0x22 c:/st/stm32cubeide_1.1.0/stm32cubeide/plugins/com.st.stm32cube.ide.mcu.externaltools.gnu-tools-for-stm32.7-2018-q2-update.win32_1.0.0.201904181610/tools/bin/../lib/gcc/arm-none-eabi/7.3.1/thumb/v7e-m/fpv4-sp/hard/crtn.o
OUTPUT(Projekt_SM.elf elf32-littlearm)

.debug_info     0x0000000000000000    0x183dc
 .debug_info    0x0000000000000000      0xa18 Core/Src/adc.o
 .debug_info    0x0000000000000a18      0x5f1 Core/Src/dma.o
 .debug_info    0x0000000000001009      0xc33 Core/Src/eth.o
 .debug_info    0x0000000000001c3c      0x543 Core/Src/gpio.o
 .debug_info    0x000000000000217f      0xd95 Core/Src/lcd.o
 .debug_info    0x0000000000002f14     0x26a6 Core/Src/main.o
 .debug_info    0x00000000000055ba      0x7f9 Core/Src/servo.o
 .debug_info    0x0000000000005db3      0x389 Core/Src/stm32f7xx_hal_msp.o
 .debug_info    0x000000000000613c      0x756 Core/Src/stm32f7xx_it.o
 .debug_info    0x0000000000006892      0x91c Core/Src/sysmem.o
 .debug_info    0x00000000000071ae      0x73d Core/Src/system_stm32f7xx.o
 .debug_info    0x00000000000078eb      0xf53 Core/Src/tim.o
 .debug_info    0x000000000000883e      0xa48 Core/Src/usart.o
 .debug_info    0x0000000000009286      0x9d4 Core/Src/usb_otg.o
 .debug_info    0x0000000000009c5a       0x22 Core/Startup/startup_stm32f746zgtx.o
 .debug_info    0x0000000000009c7c      0x9c4 Drivers/STM32F7xx_HAL_Driver/Src/stm32f7xx_hal.o
 .debug_info    0x000000000000a640      0xc9d Drivers/STM32F7xx_HAL_Driver/Src/stm32f7xx_hal_adc.o
 .debug_info    0x000000000000b2dd     0x104a Drivers/STM32F7xx_HAL_Driver/Src/stm32f7xx_hal_cortex.o
 .debug_info    0x000000000000c327      0x968 Drivers/STM32F7xx_HAL_Driver/Src/stm32f7xx_hal_dma.o
 .debug_info    0x000000000000cc8f     0x149c Drivers/STM32F7xx_HAL_Driver/Src/stm32f7xx_hal_eth.o
 .debug_info    0x000000000000e12b      0x7dc Drivers/STM32F7xx_HAL_Driver/Src/stm32f7xx_hal_gpio.o
 .debug_info    0x000000000000e907     0x1139 Drivers/STM32F7xx_HAL_Driver/Src/stm32f7xx_hal_pcd.o
 .debug_info    0x000000000000fa40      0x810 Drivers/STM32F7xx_HAL_Driver/Src/stm32f7xx_hal_pcd_ex.o
 .debug_info    0x0000000000010250      0x9b4 Drivers/STM32F7xx_HAL_Driver/Src/stm32f7xx_hal_pwr.o
 .debug_info    0x0000000000010c04      0x926 Drivers/STM32F7xx_HAL_Driver/Src/stm32f7xx_hal_rcc.o
 .debug_info    0x000000000001152a      0x7ad Drivers/STM32F7xx_HAL_Driver/Src/stm32f7xx_hal_rcc_ex.o
 .debug_info    0x0000000000011cd7     0x25a0 Drivers/STM32F7xx_HAL_Driver/Src/stm32f7xx_hal_tim.o
 .debug_info    0x0000000000014277     0x121c Drivers/STM32F7xx_HAL_Driver/Src/stm32f7xx_hal_tim_ex.o
 .debug_info    0x0000000000015493     0x1639 Drivers/STM32F7xx_HAL_Driver/Src/stm32f7xx_hal_uart.o
 .debug_info    0x0000000000016acc     0x1910 Drivers/STM32F7xx_HAL_Driver/Src/stm32f7xx_ll_usb.o

.debug_abbrev   0x0000000000000000     0x3582
 .debug_abbrev  0x0000000000000000      0x1aa Core/Src/adc.o
 .debug_abbrev  0x00000000000001aa      0x107 Core/Src/dma.o
 .debug_abbrev  0x00000000000002b1      0x1a9 Core/Src/eth.o
 .debug_abbrev  0x000000000000045a      0x134 Core/Src/gpio.o
 .debug_abbrev  0x000000000000058e      0x245 Core/Src/lcd.o
 .debug_abbrev  0x00000000000007d3      0x279 Core/Src/main.o
 .debug_abbrev  0x0000000000000a4c      0x1a5 Core/Src/servo.o
 .debug_abbrev  0x0000000000000bf1      0x109 Core/Src/stm32f7xx_hal_msp.o
 .debug_abbrev  0x0000000000000cfa      0x15a Core/Src/stm32f7xx_it.o
 .debug_abbrev  0x0000000000000e54      0x1bb Core/Src/sysmem.o
 .debug_abbrev  0x000000000000100f      0x147 Core/Src/system_stm32f7xx.o
 .debug_abbrev  0x0000000000001156      0x1b3 Core/Src/tim.o
 .debug_abbrev  0x0000000000001309      0x199 Core/Src/usart.o
 .debug_abbrev  0x00000000000014a2      0x1b2 Core/Src/usb_otg.o
 .debug_abbrev  0x0000000000001654       0x12 Core/Startup/startup_stm32f746zgtx.o
 .debug_abbrev  0x0000000000001666      0x1c7 Drivers/STM32F7xx_HAL_Driver/Src/stm32f7xx_hal.o
 .debug_abbrev  0x000000000000182d      0x205 Drivers/STM32F7xx_HAL_Driver/Src/stm32f7xx_hal_adc.o
 .debug_abbrev  0x0000000000001a32      0x2fa Drivers/STM32F7xx_HAL_Driver/Src/stm32f7xx_hal_cortex.o
 .debug_abbrev  0x0000000000001d2c      0x229 Drivers/STM32F7xx_HAL_Driver/Src/stm32f7xx_hal_dma.o
 .debug_abbrev  0x0000000000001f55      0x23e Drivers/STM32F7xx_HAL_Driver/Src/stm32f7xx_hal_eth.o
 .debug_abbrev  0x0000000000002193      0x1c9 Drivers/STM32F7xx_HAL_Driver/Src/stm32f7xx_hal_gpio.o
 .debug_abbrev  0x000000000000235c      0x257 Drivers/STM32F7xx_HAL_Driver/Src/stm32f7xx_hal_pcd.o
 .debug_abbrev  0x00000000000025b3      0x1c0 Drivers/STM32F7xx_HAL_Driver/Src/stm32f7xx_hal_pcd_ex.o
 .debug_abbrev  0x0000000000002773      0x1b6 Drivers/STM32F7xx_HAL_Driver/Src/stm32f7xx_hal_pwr.o
 .debug_abbrev  0x0000000000002929      0x21a Drivers/STM32F7xx_HAL_Driver/Src/stm32f7xx_hal_rcc.o
 .debug_abbrev  0x0000000000002b43      0x1ad Drivers/STM32F7xx_HAL_Driver/Src/stm32f7xx_hal_rcc_ex.o
 .debug_abbrev  0x0000000000002cf0      0x230 Drivers/STM32F7xx_HAL_Driver/Src/stm32f7xx_hal_tim.o
 .debug_abbrev  0x0000000000002f20      0x21e Drivers/STM32F7xx_HAL_Driver/Src/stm32f7xx_hal_tim_ex.o
 .debug_abbrev  0x000000000000313e      0x205 Drivers/STM32F7xx_HAL_Driver/Src/stm32f7xx_hal_uart.o
 .debug_abbrev  0x0000000000003343      0x23f Drivers/STM32F7xx_HAL_Driver/Src/stm32f7xx_ll_usb.o

.debug_aranges  0x0000000000000000     0x13b0
 .debug_aranges
                0x0000000000000000       0x30 Core/Src/adc.o
 .debug_aranges
                0x0000000000000030       0x20 Core/Src/dma.o
 .debug_aranges
                0x0000000000000050       0x30 Core/Src/eth.o
 .debug_aranges
                0x0000000000000080       0x20 Core/Src/gpio.o
 .debug_aranges
                0x00000000000000a0       0x60 Core/Src/lcd.o
 .debug_aranges
                0x0000000000000100       0x38 Core/Src/main.o
 .debug_aranges
                0x0000000000000138       0x38 Core/Src/servo.o
 .debug_aranges
                0x0000000000000170       0x20 Core/Src/stm32f7xx_hal_msp.o
 .debug_aranges
                0x0000000000000190       0x78 Core/Src/stm32f7xx_it.o
 .debug_aranges
                0x0000000000000208       0x20 Core/Src/sysmem.o
 .debug_aranges
                0x0000000000000228       0x28 Core/Src/system_stm32f7xx.o
 .debug_aranges
                0x0000000000000250       0x48 Core/Src/tim.o
 .debug_aranges
                0x0000000000000298       0x30 Core/Src/usart.o
 .debug_aranges
                0x00000000000002c8       0x30 Core/Src/usb_otg.o
 .debug_aranges
                0x00000000000002f8       0x28 Core/Startup/startup_stm32f746zgtx.o
 .debug_aranges
                0x0000000000000320      0x100 Drivers/STM32F7xx_HAL_Driver/Src/stm32f7xx_hal.o
 .debug_aranges
                0x0000000000000420       0xe8 Drivers/STM32F7xx_HAL_Driver/Src/stm32f7xx_hal_adc.o
 .debug_aranges
                0x0000000000000508      0x118 Drivers/STM32F7xx_HAL_Driver/Src/stm32f7xx_hal_cortex.o
 .debug_aranges
                0x0000000000000620       0x90 Drivers/STM32F7xx_HAL_Driver/Src/stm32f7xx_hal_dma.o
 .debug_aranges
                0x00000000000006b0      0x110 Drivers/STM32F7xx_HAL_Driver/Src/stm32f7xx_hal_eth.o
 .debug_aranges
                0x00000000000007c0       0x58 Drivers/STM32F7xx_HAL_Driver/Src/stm32f7xx_hal_gpio.o
 .debug_aranges
                0x0000000000000818      0x130 Drivers/STM32F7xx_HAL_Driver/Src/stm32f7xx_hal_pcd.o
 .debug_aranges
                0x0000000000000948       0x48 Drivers/STM32F7xx_HAL_Driver/Src/stm32f7xx_hal_pcd_ex.o
 .debug_aranges
                0x0000000000000990       0xa0 Drivers/STM32F7xx_HAL_Driver/Src/stm32f7xx_hal_pwr.o
 .debug_aranges
                0x0000000000000a30       0x88 Drivers/STM32F7xx_HAL_Driver/Src/stm32f7xx_hal_rcc.o
 .debug_aranges
                0x0000000000000ab8       0x50 Drivers/STM32F7xx_HAL_Driver/Src/stm32f7xx_hal_rcc_ex.o
 .debug_aranges
                0x0000000000000b08      0x3b8 Drivers/STM32F7xx_HAL_Driver/Src/stm32f7xx_hal_tim.o
 .debug_aranges
                0x0000000000000ec0      0x160 Drivers/STM32F7xx_HAL_Driver/Src/stm32f7xx_hal_tim_ex.o
 .debug_aranges
                0x0000000000001020      0x1f8 Drivers/STM32F7xx_HAL_Driver/Src/stm32f7xx_hal_uart.o
 .debug_aranges
                0x0000000000001218      0x198 Drivers/STM32F7xx_HAL_Driver/Src/stm32f7xx_ll_usb.o

.debug_ranges   0x0000000000000000     0x11d8
 .debug_ranges  0x0000000000000000       0x20 Core/Src/adc.o
 .debug_ranges  0x0000000000000020       0x10 Core/Src/dma.o
 .debug_ranges  0x0000000000000030       0x20 Core/Src/eth.o
 .debug_ranges  0x0000000000000050       0x10 Core/Src/gpio.o
 .debug_ranges  0x0000000000000060       0x50 Core/Src/lcd.o
 .debug_ranges  0x00000000000000b0       0x28 Core/Src/main.o
 .debug_ranges  0x00000000000000d8       0x28 Core/Src/servo.o
 .debug_ranges  0x0000000000000100       0x10 Core/Src/stm32f7xx_hal_msp.o
 .debug_ranges  0x0000000000000110       0x68 Core/Src/stm32f7xx_it.o
 .debug_ranges  0x0000000000000178       0x10 Core/Src/sysmem.o
 .debug_ranges  0x0000000000000188       0x18 Core/Src/system_stm32f7xx.o
 .debug_ranges  0x00000000000001a0       0x38 Core/Src/tim.o
 .debug_ranges  0x00000000000001d8       0x20 Core/Src/usart.o
 .debug_ranges  0x00000000000001f8       0x20 Core/Src/usb_otg.o
 .debug_ranges  0x0000000000000218       0x20 Core/Startup/startup_stm32f746zgtx.o
 .debug_ranges  0x0000000000000238       0xf0 Drivers/STM32F7xx_HAL_Driver/Src/stm32f7xx_hal.o
 .debug_ranges  0x0000000000000328       0xd8 Drivers/STM32F7xx_HAL_Driver/Src/stm32f7xx_hal_adc.o
 .debug_ranges  0x0000000000000400      0x108 Drivers/STM32F7xx_HAL_Driver/Src/stm32f7xx_hal_cortex.o
 .debug_ranges  0x0000000000000508       0x80 Drivers/STM32F7xx_HAL_Driver/Src/stm32f7xx_hal_dma.o
 .debug_ranges  0x0000000000000588      0x100 Drivers/STM32F7xx_HAL_Driver/Src/stm32f7xx_hal_eth.o
 .debug_ranges  0x0000000000000688       0x48 Drivers/STM32F7xx_HAL_Driver/Src/stm32f7xx_hal_gpio.o
 .debug_ranges  0x00000000000006d0      0x120 Drivers/STM32F7xx_HAL_Driver/Src/stm32f7xx_hal_pcd.o
 .debug_ranges  0x00000000000007f0       0x38 Drivers/STM32F7xx_HAL_Driver/Src/stm32f7xx_hal_pcd_ex.o
 .debug_ranges  0x0000000000000828       0x90 Drivers/STM32F7xx_HAL_Driver/Src/stm32f7xx_hal_pwr.o
 .debug_ranges  0x00000000000008b8       0x78 Drivers/STM32F7xx_HAL_Driver/Src/stm32f7xx_hal_rcc.o
 .debug_ranges  0x0000000000000930       0x40 Drivers/STM32F7xx_HAL_Driver/Src/stm32f7xx_hal_rcc_ex.o
 .debug_ranges  0x0000000000000970      0x3a8 Drivers/STM32F7xx_HAL_Driver/Src/stm32f7xx_hal_tim.o
 .debug_ranges  0x0000000000000d18      0x150 Drivers/STM32F7xx_HAL_Driver/Src/stm32f7xx_hal_tim_ex.o
 .debug_ranges  0x0000000000000e68      0x1e8 Drivers/STM32F7xx_HAL_Driver/Src/stm32f7xx_hal_uart.o
 .debug_ranges  0x0000000000001050      0x188 Drivers/STM32F7xx_HAL_Driver/Src/stm32f7xx_ll_usb.o

.debug_macro    0x0000000000000000    0x28eaf
 .debug_macro   0x0000000000000000      0x243 Core/Src/adc.o
 .debug_macro   0x0000000000000243      0xa5a Core/Src/adc.o
 .debug_macro   0x0000000000000c9d      0x1a9 Core/Src/adc.o
 .debug_macro   0x0000000000000e46       0x2e Core/Src/adc.o
 .debug_macro   0x0000000000000e74       0x3b Core/Src/adc.o
 .debug_macro   0x0000000000000eaf       0x22 Core/Src/adc.o
 .debug_macro   0x0000000000000ed1       0x8e Core/Src/adc.o
 .debug_macro   0x0000000000000f5f       0x51 Core/Src/adc.o
 .debug_macro   0x0000000000000fb0       0xef Core/Src/adc.o
 .debug_macro   0x000000000000109f       0x6a Core/Src/adc.o
 .debug_macro   0x0000000000001109      0x1df Core/Src/adc.o
 .debug_macro   0x00000000000012e8       0x1c Core/Src/adc.o
 .debug_macro   0x0000000000001304       0x22 Core/Src/adc.o
 .debug_macro   0x0000000000001326       0xdf Core/Src/adc.o
 .debug_macro   0x0000000000001405     0x12cd Core/Src/adc.o
 .debug_macro   0x00000000000026d2      0x11f Core/Src/adc.o
 .debug_macro   0x00000000000027f1       0x19 Core/Src/adc.o
 .debug_macro   0x000000000000280a    0x1882d Core/Src/adc.o
 .debug_macro   0x000000000001b037       0x43 Core/Src/adc.o
 .debug_macro   0x000000000001b07a     0x363d Core/Src/adc.o
 .debug_macro   0x000000000001e6b7      0x174 Core/Src/adc.o
 .debug_macro   0x000000000001e82b       0x61 Core/Src/adc.o
 .debug_macro   0x000000000001e88c     0x18ad Core/Src/adc.o
 .debug_macro   0x0000000000020139      0x6c4 Core/Src/adc.o
 .debug_macro   0x00000000000207fd      0x103 Core/Src/adc.o
 .debug_macro   0x0000000000020900      0x117 Core/Src/adc.o
 .debug_macro   0x0000000000020a17      0x1fe Core/Src/adc.o
 .debug_macro   0x0000000000020c15       0x27 Core/Src/adc.o
 .debug_macro   0x0000000000020c3c      0x24f Core/Src/adc.o
 .debug_macro   0x0000000000020e8b       0x41 Core/Src/adc.o
 .debug_macro   0x0000000000020ecc       0x58 Core/Src/adc.o
 .debug_macro   0x0000000000020f24      0x236 Core/Src/adc.o
 .debug_macro   0x000000000002115a      0x408 Core/Src/adc.o
 .debug_macro   0x0000000000021562      0x161 Core/Src/adc.o
 .debug_macro   0x00000000000216c3      0x100 Core/Src/adc.o
 .debug_macro   0x00000000000217c3      0xccf Core/Src/adc.o
 .debug_macro   0x0000000000022492      0x14f Core/Src/adc.o
 .debug_macro   0x00000000000225e1      0x25b Core/Src/adc.o
 .debug_macro   0x000000000002283c       0x12 Core/Src/adc.o
 .debug_macro   0x000000000002284e      0x22c Core/Src/adc.o
 .debug_macro   0x0000000000022a7a       0x5a Core/Src/adc.o
 .debug_macro   0x0000000000022ad4       0xa5 Core/Src/adc.o
 .debug_macro   0x0000000000022b79      0x12f Core/Src/adc.o
 .debug_macro   0x0000000000022ca8      0x108 Core/Src/adc.o
 .debug_macro   0x0000000000022db0       0x35 Core/Src/adc.o
 .debug_macro   0x0000000000022de5      0x9e2 Core/Src/adc.o
 .debug_macro   0x00000000000237c7       0x59 Core/Src/adc.o
 .debug_macro   0x0000000000023820      0x519 Core/Src/adc.o
 .debug_macro   0x0000000000023d39       0x44 Core/Src/adc.o
 .debug_macro   0x0000000000023d7d      0x217 Core/Src/adc.o
 .debug_macro   0x0000000000023f94       0xe4 Core/Src/adc.o
 .debug_macro   0x0000000000024078      0x14e Core/Src/adc.o
 .debug_macro   0x00000000000241c6      0x184 Core/Src/adc.o
 .debug_macro   0x000000000002434a      0x243 Core/Src/dma.o
 .debug_macro   0x000000000002458d      0x243 Core/Src/eth.o
 .debug_macro   0x00000000000247d0      0x243 Core/Src/gpio.o
 .debug_macro   0x0000000000024a13      0x303 Core/Src/lcd.o
 .debug_macro   0x0000000000024d16       0x46 Core/Src/lcd.o
 .debug_macro   0x0000000000024d5c       0x18 Core/Src/lcd.o
 .debug_macro   0x0000000000024d74       0x3c Core/Src/lcd.o
 .debug_macro   0x0000000000024db0       0x34 Core/Src/lcd.o
 .debug_macro   0x0000000000024de4       0x52 Core/Src/lcd.o
 .debug_macro   0x0000000000024e36       0x1f Core/Src/lcd.o
 .debug_macro   0x0000000000024e55       0x43 Core/Src/lcd.o
 .debug_macro   0x0000000000024e98       0x20 Core/Src/lcd.o
 .debug_macro   0x0000000000024eb8      0x1a3 Core/Src/lcd.o
 .debug_macro   0x000000000002505b      0x32a Core/Src/lcd.o
 .debug_macro   0x0000000000025385       0x10 Core/Src/lcd.o
 .debug_macro   0x0000000000025395       0x35 Core/Src/lcd.o
 .debug_macro   0x00000000000253ca       0x20 Core/Src/lcd.o
 .debug_macro   0x00000000000253ea      0x18a Core/Src/lcd.o
 .debug_macro   0x0000000000025574       0x9a Core/Src/lcd.o
 .debug_macro   0x000000000002560e      0x35c Core/Src/main.o
 .debug_macro   0x000000000002596a       0x28 Core/Src/main.o
 .debug_macro   0x0000000000025992      0x250 Core/Src/servo.o
 .debug_macro   0x0000000000025be2      0x239 Core/Src/stm32f7xx_hal_msp.o
 .debug_macro   0x0000000000025e1b      0x243 Core/Src/stm32f7xx_it.o
 .debug_macro   0x000000000002605e      0x1ae Core/Src/sysmem.o
 .debug_macro   0x000000000002620c      0x23b Core/Src/sysmem.o
 .debug_macro   0x0000000000026447       0x16 Core/Src/sysmem.o
 .debug_macro   0x000000000002645d      0x230 Core/Src/system_stm32f7xx.o
 .debug_macro   0x000000000002668d      0x243 Core/Src/tim.o
 .debug_macro   0x00000000000268d0      0x243 Core/Src/usart.o
 .debug_macro   0x0000000000026b13      0x243 Core/Src/usb_otg.o
 .debug_macro   0x0000000000026d56      0x24e Drivers/STM32F7xx_HAL_Driver/Src/stm32f7xx_hal.o
 .debug_macro   0x0000000000026fa4      0x22b Drivers/STM32F7xx_HAL_Driver/Src/stm32f7xx_hal_adc.o
 .debug_macro   0x00000000000271cf      0x22a Drivers/STM32F7xx_HAL_Driver/Src/stm32f7xx_hal_cortex.o
 .debug_macro   0x00000000000273f9      0x230 Drivers/STM32F7xx_HAL_Driver/Src/stm32f7xx_hal_dma.o
 .debug_macro   0x0000000000027629      0x240 Drivers/STM32F7xx_HAL_Driver/Src/stm32f7xx_hal_eth.o
 .debug_macro   0x0000000000027869      0x260 Drivers/STM32F7xx_HAL_Driver/Src/stm32f7xx_hal_gpio.o
 .debug_macro   0x0000000000027ac9      0x236 Drivers/STM32F7xx_HAL_Driver/Src/stm32f7xx_hal_pcd.o
 .debug_macro   0x0000000000027cff      0x22a Drivers/STM32F7xx_HAL_Driver/Src/stm32f7xx_hal_pcd_ex.o
 .debug_macro   0x0000000000027f29      0x248 Drivers/STM32F7xx_HAL_Driver/Src/stm32f7xx_hal_pwr.o
 .debug_macro   0x0000000000028171      0x24e Drivers/STM32F7xx_HAL_Driver/Src/stm32f7xx_hal_rcc.o
 .debug_macro   0x00000000000283bf      0x22a Drivers/STM32F7xx_HAL_Driver/Src/stm32f7xx_hal_rcc_ex.o
 .debug_macro   0x00000000000285e9      0x22b Drivers/STM32F7xx_HAL_Driver/Src/stm32f7xx_hal_tim.o
 .debug_macro   0x0000000000028814      0x22a Drivers/STM32F7xx_HAL_Driver/Src/stm32f7xx_hal_tim_ex.o
 .debug_macro   0x0000000000028a3e      0x247 Drivers/STM32F7xx_HAL_Driver/Src/stm32f7xx_hal_uart.o
 .debug_macro   0x0000000000028c85      0x22a Drivers/STM32F7xx_HAL_Driver/Src/stm32f7xx_ll_usb.o

.debug_line     0x0000000000000000    0x12cb0
 .debug_line    0x0000000000000000      0x7c2 Core/Src/adc.o
 .debug_line    0x00000000000007c2      0x776 Core/Src/dma.o
 .debug_line    0x0000000000000f38      0x7cd Core/Src/eth.o
 .debug_line    0x0000000000001705      0x79d Core/Src/gpio.o
 .debug_line    0x0000000000001ea2      0x9a5 Core/Src/lcd.o
 .debug_line    0x0000000000002847      0x98c Core/Src/main.o
 .debug_line    0x00000000000031d3      0x87b Core/Src/servo.o
 .debug_line    0x0000000000003a4e      0x77b Core/Src/stm32f7xx_hal_msp.o
 .debug_line    0x00000000000041c9      0x855 Core/Src/stm32f7xx_it.o
 .debug_line    0x0000000000004a1e      0x55e Core/Src/sysmem.o
 .debug_line    0x0000000000004f7c      0x79a Core/Src/system_stm32f7xx.o
 .debug_line    0x0000000000005716      0x846 Core/Src/tim.o
 .debug_line    0x0000000000005f5c      0x7b1 Core/Src/usart.o
 .debug_line    0x000000000000670d      0x7bc Core/Src/usb_otg.o
 .debug_line    0x0000000000006ec9       0x86 Core/Startup/startup_stm32f746zgtx.o
 .debug_line    0x0000000000006f4f      0x9a0 Drivers/STM32F7xx_HAL_Driver/Src/stm32f7xx_hal.o
 .debug_line    0x00000000000078ef      0xbb7 Drivers/STM32F7xx_HAL_Driver/Src/stm32f7xx_hal_adc.o
 .debug_line    0x00000000000084a6      0xaa4 Drivers/STM32F7xx_HAL_Driver/Src/stm32f7xx_hal_cortex.o
 .debug_line    0x0000000000008f4a      0xa4f Drivers/STM32F7xx_HAL_Driver/Src/stm32f7xx_hal_dma.o
 .debug_line    0x0000000000009999      0xe51 Drivers/STM32F7xx_HAL_Driver/Src/stm32f7xx_hal_eth.o
 .debug_line    0x000000000000a7ea      0x988 Drivers/STM32F7xx_HAL_Driver/Src/stm32f7xx_hal_gpio.o
 .debug_line    0x000000000000b172      0xcf4 Drivers/STM32F7xx_HAL_Driver/Src/stm32f7xx_hal_pcd.o
 .debug_line    0x000000000000be66      0x806 Drivers/STM32F7xx_HAL_Driver/Src/stm32f7xx_hal_pcd_ex.o
 .debug_line    0x000000000000c66c      0x8e8 Drivers/STM32F7xx_HAL_Driver/Src/stm32f7xx_hal_pwr.o
 .debug_line    0x000000000000cf54      0xa04 Drivers/STM32F7xx_HAL_Driver/Src/stm32f7xx_hal_rcc.o
 .debug_line    0x000000000000d958      0x98b Drivers/STM32F7xx_HAL_Driver/Src/stm32f7xx_hal_rcc_ex.o
 .debug_line    0x000000000000e2e3     0x1aa8 Drivers/STM32F7xx_HAL_Driver/Src/stm32f7xx_hal_tim.o
 .debug_line    0x000000000000fd8b      0xe05 Drivers/STM32F7xx_HAL_Driver/Src/stm32f7xx_hal_tim_ex.o
 .debug_line    0x0000000000010b90     0x1286 Drivers/STM32F7xx_HAL_Driver/Src/stm32f7xx_hal_uart.o
 .debug_line    0x0000000000011e16      0xe9a Drivers/STM32F7xx_HAL_Driver/Src/stm32f7xx_ll_usb.o

.debug_str      0x0000000000000000    0xfb9fb
 .debug_str     0x0000000000000000    0xf1366 Core/Src/adc.o
                                      0xf1ac4 (size before relaxing)
 .debug_str     0x00000000000f1366      0x5b5 Core/Src/dma.o
                                      0xf1b7e (size before relaxing)
 .debug_str     0x00000000000f191b      0x47f Core/Src/eth.o
                                      0xf1b3d (size before relaxing)
 .debug_str     0x00000000000f1d9a       0x46 Core/Src/gpio.o
                                      0xf167b (size before relaxing)
 .debug_str     0x00000000000f1de0     0x31a6 Core/Src/lcd.o
                                      0xf4715 (size before relaxing)
 .debug_str     0x00000000000f4f86      0xb64 Core/Src/main.o
                                      0xf5c29 (size before relaxing)
 .debug_str     0x00000000000f5aea       0x7a Core/Src/servo.o
                                      0xf1a08 (size before relaxing)
 .debug_str     0x00000000000f5b64       0x2c Core/Src/stm32f7xx_hal_msp.o
                                      0xf15e0 (size before relaxing)
 .debug_str     0x00000000000f5b90       0xf5 Core/Src/stm32f7xx_it.o
                                      0xf1a00 (size before relaxing)
 .debug_str     0x00000000000f5c85     0x1695 Core/Src/sysmem.o
                                       0x7af1 (size before relaxing)
 .debug_str     0x00000000000f731a      0x179 Core/Src/system_stm32f7xx.o
                                      0xf1162 (size before relaxing)
 .debug_str     0x00000000000f7493      0x256 Core/Src/tim.o
                                      0xf22ef (size before relaxing)
 .debug_str     0x00000000000f76e9       0x57 Core/Src/usart.o
                                      0xf1ae7 (size before relaxing)
 .debug_str     0x00000000000f7740       0x59 Core/Src/usb_otg.o
                                      0xf1a7f (size before relaxing)
 .debug_str     0x00000000000f7799       0x36 Core/Startup/startup_stm32f746zgtx.o
                                         0x73 (size before relaxing)
 .debug_str     0x00000000000f77cf      0x37f Drivers/STM32F7xx_HAL_Driver/Src/stm32f7xx_hal.o
                                      0xf1a07 (size before relaxing)
 .debug_str     0x00000000000f7b4e      0x279 Drivers/STM32F7xx_HAL_Driver/Src/stm32f7xx_hal_adc.o
                                      0xf1605 (size before relaxing)
 .debug_str     0x00000000000f7dc7      0x383 Drivers/STM32F7xx_HAL_Driver/Src/stm32f7xx_hal_cortex.o
                                      0xf1abb (size before relaxing)
 .debug_str     0x00000000000f814a      0x328 Drivers/STM32F7xx_HAL_Driver/Src/stm32f7xx_hal_dma.o
                                      0xf149c (size before relaxing)
 .debug_str     0x00000000000f8472      0x749 Drivers/STM32F7xx_HAL_Driver/Src/stm32f7xx_hal_eth.o
                                      0xf1c6e (size before relaxing)
 .debug_str     0x00000000000f8bbb      0x244 Drivers/STM32F7xx_HAL_Driver/Src/stm32f7xx_hal_gpio.o
                                      0xf1338 (size before relaxing)
 .debug_str     0x00000000000f8dff      0x535 Drivers/STM32F7xx_HAL_Driver/Src/stm32f7xx_hal_pcd.o
                                      0xf1847 (size before relaxing)
 .debug_str     0x00000000000f9334      0x16d Drivers/STM32F7xx_HAL_Driver/Src/stm32f7xx_hal_pcd_ex.o
                                      0xf146f (size before relaxing)
 .debug_str     0x00000000000f94a1      0x2c5 Drivers/STM32F7xx_HAL_Driver/Src/stm32f7xx_hal_pwr.o
                                      0xf141a (size before relaxing)
 .debug_str     0x00000000000f9766      0x26d Drivers/STM32F7xx_HAL_Driver/Src/stm32f7xx_hal_rcc.o
                                      0xf1472 (size before relaxing)
 .debug_str     0x00000000000f99d3      0x161 Drivers/STM32F7xx_HAL_Driver/Src/stm32f7xx_hal_rcc_ex.o
                                      0xf1407 (size before relaxing)
 .debug_str     0x00000000000f9b34      0xc9f Drivers/STM32F7xx_HAL_Driver/Src/stm32f7xx_hal_tim.o
                                      0xf21ee (size before relaxing)
 .debug_str     0x00000000000fa7d3      0x448 Drivers/STM32F7xx_HAL_Driver/Src/stm32f7xx_hal_tim_ex.o
                                      0xf1a41 (size before relaxing)
 .debug_str     0x00000000000fac1b      0x788 Drivers/STM32F7xx_HAL_Driver/Src/stm32f7xx_hal_uart.o
                                      0xf1c50 (size before relaxing)
 .debug_str     0x00000000000fb3a3      0x658 Drivers/STM32F7xx_HAL_Driver/Src/stm32f7xx_ll_usb.o
                                      0xf1976 (size before relaxing)

.comment        0x0000000000000000       0x7b
 .comment       0x0000000000000000       0x7b Core/Src/adc.o
                                         0x7c (size before relaxing)
 .comment       0x000000000000007b       0x7c Core/Src/dma.o
 .comment       0x000000000000007b       0x7c Core/Src/eth.o
 .comment       0x000000000000007b       0x7c Core/Src/gpio.o